Microchip MPLAB XC8 Compiler V2.32

Linker command line:

-W-3 --edf=C:\Program Files\Microchip\xc8\v2.32\pic\dat\en_msgs.txt -cn \
  -h+dist/default/production\motor.X.production.sym \
  --cmf=dist/default/production\motor.X.production.cmf -z -Q18F4431 \
  -oC:\Users\david\AppData\Local\Temp\xcAs8lis.4 --defsym=__MPLAB_BUILD=1 \
  -Mdist/default/production/motor.X.production.map -E1 -ver=XC8 Compiler \
  --acfsm=1493 -ASTACK=060h-02FFh -pstack=STACK -ACODE=00h-03FFFh \
  -ACONST=00h-03FFFh -ASMALLCONST=0300h-03FFhx61 -AMEDIUMCONST=0300h-03FFFh \
  -ACOMRAM=01h-05Fh -AABS1=00h-02FFh -ABIGRAM=01h-02FFh \
  -ARAM=060h-0FFh,0100h-01FFhx2 -ABANK0=060h-0FFh -ABANK1=0100h-01FFh \
  -ABANK2=0200h-02FFh -ASFR=0F60h-0FFFh -ACONFIG=0300000h-030000Dh \
  -AIDLOC=0200000h-0200007h -AEEDATA=0F00000h-0F000FFh -peeprom_data=EEDATA \
  -preset_vec=00h,intcode=08h,intcodelo,powerup,init -pramtop=0300h \
  -psmallconst=SMALLCONST -pmediumconst=MEDIUMCONST -pconst=CONST \
  -AFARRAM=00h-00h \
  -prdata=COMRAM,nvrram=COMRAM,nvbit=COMRAM,rbss=COMRAM,rbit=COMRAM \
  -pfarbss=FARRAM,fardata=FARRAM,nvFARRAM=FARRAM \
  -pintsave_regs=BIGRAM,bigbss=BIGRAM,bigdata=BIGRAM -pbss=RAM \
  -pidata=CODE,irdata=CODE,ibigdata=CODE,ifardata=CODE -prparam=COMRAM \
  C:\Users\david\AppData\Local\Temp\xcAs8lis.o \
  dist/default/production\motor.X.production.o 

Object code version is 3.11

Machine type is 18F4431



                Name                               Link     Load   Length Selector   Space Scale
C:\Users\david\AppData\Local\Temp\xcAs8lis.o
                idloc                            200000   200000        8        0       5
                config                           300000   300000        E        0       4
                init                                 D2       D2        4        4       0
                reset_vec                             0        0        4        0       0
dist/default/production\motor.X.production.o
                intcode                               8        8       CA        4       0
                idloc                            200000   200000        8        0       5
                config                           300000   300000        E        0       4
                temp                                 3B       3B        1        1       1
                smallconst                          300      300        4      180       0
                text10                              3C6      3C6       74      182       0
                text9                               43A      43A       64      182       0
                text8                               304      304       C2      182       0
                text7                               49E      49E       44      182       0
                text6                               588      588       16      182       0
                text4                               570      570       18      182       0
                text3                               53E      53E       1A      182       0
                text2                               59E      59E       14      182       0
                text1                               558      558       18      182       0
                text0                               51E      51E       20      182       0
                cstackCOMRAM                          1        1       1C        1       1
                dataCOMRAM                           38       38        3        1       1
                bssCOMRAM                            1D       1D       1B        1       1
                cinit                               4E2      4E2       3C      182       0
                idataCOMRAM                         5B2      5B2        3      182       0

TOTAL           Name                               Link     Load   Length     Space
        CLASS   STACK          

        CLASS   CODE           
                intcode                               8        8       CA         0
                init                                 D2       D2        4         0
                reset_vec                             0        0        4         0
                text10                              3C6      3C6       74         0
                text9                               43A      43A       64         0
                text8                               304      304       C2         0
                text7                               49E      49E       44         0
                text6                               588      588       16         0
                text4                               570      570       18         0
                text3                               53E      53E       1A         0
                text2                               59E      59E       14         0
                text1                               558      558       18         0
                text0                               51E      51E       20         0
                cinit                               4E2      4E2       3C         0
                idataCOMRAM                         5B2      5B2        3         0

        CLASS   CONST          

        CLASS   SMALLCONST     
                smallconst                          300      300        4         0

        CLASS   MEDIUMCONST    

        CLASS   COMRAM         
                temp                                 3B       3B        1         1
                cstackCOMRAM                          1        1       1C         1
                dataCOMRAM                           38       38        3         1
                bssCOMRAM                            1D       1D       1B         1

        CLASS   ABS1           

        CLASS   BIGRAM         

        CLASS   RAM            

        CLASS   BANK0          

        CLASS   BANK1          

        CLASS   BANK2          

        CLASS   SFR            

        CLASS   CONFIG         
                config                           300000   300000        E         4

        CLASS   IDLOC          
                idloc                            200000   200000        8         5

        CLASS   EEDATA         

        CLASS   FARRAM         



SEGMENTS        Name                           Load    Length   Top    Selector   Space  Class

                reset_vec                      000000  000004  000004         0       0  CODE    
                cstackCOMRAM                   000001  00003B  00003C         1       1  COMRAM  
                intcode                        000008  0000CE  0000D6         4       0  CODE    
                smallconst                     000300  000004  000304       180       0  SMALLCON
                text8                          000304  0002B1  0005B5       182       0  CODE    


UNUSED ADDRESS RANGES

        Name                Unused          Largest block    Delta
        BANK0            000060-0000FF               A0
        BANK1            000100-0001FF              100
        BANK2            000200-0002FF              100
        BIGRAM           00003C-0002FF              2C4
        CODE             000004-000007                4
                         0000D6-0002FF              22A
                         0005B5-003FFF             3A4B
        COMRAM           00003C-00005F               24
        CONST            000004-000007                4
                         0000D6-0002FF              22A
                         0005B5-003FFF             3A4B
        EEDATA           F00000-F000FF              100
        MEDIUMCONST      0005B5-003FFF             3A4B
        RAM              000060-0002FF              100
        SFR              000F60-000FFF               A0
        SMALLCONST       0005B5-003FFF              100
        STACK            000060-0002FF              2A0

                                  Symbol Table

?___lwdiv                cstackCOMRAM 000001
?___lwmod                cstackCOMRAM 000001
ISR@i                    cstackCOMRAM 00001B
_ADCON0                  (abs)        000FC2
_ADCON1                  (abs)        000FC1
_CS                      (abs)        007C22
_DFLTCONbits             (abs)        000F60
_INTCONbits              (abs)        000FF2
_ISR                     intcode      000008
_PIE1bits                (abs)        000F9D
_PIR1bits                (abs)        000F9E
_PORTBbits               (abs)        000F81
_QEICONbits              (abs)        000FB6
_RCIF                    (abs)        007CF5
_RCREG                   (abs)        000FAE
_RCSTAbits               (abs)        000FAB
_SPBRG                   (abs)        000FAF
_SSPBUF                  (abs)        000FC9
_SSPCON1                 (abs)        000FC6
_SSPCON1bits             (abs)        000FC6
_SSPSTAT                 (abs)        000FC7
_SSPSTATbits             (abs)        000FC7
_T0CONbits               (abs)        000FD5
_T5CONbits               (abs)        000FB7
_TMR0                    (abs)        000FD6
_TMR5                    (abs)        000F87
_TRISBbits               (abs)        000F93
_TRISCbits               (abs)        000F94
_TRISDbits               (abs)        000F95
_TRMT                    (abs)        007D61
_TXREG                   (abs)        000FAD
_TXSTAbits               (abs)        000FAC
__HRAM                   (abs)        000000
__Habs1                  abs1         000000
__Hbank0                 bank0        000000
__Hbank1                 bank1        000000
__Hbank2                 bank2        000000
__Hbigbss                bigbss       000000
__Hbigdata               bigdata      000000
__Hbigram                bigram       000000
__Hbss                   bss          000000
__HbssCOMRAM             bssCOMRAM    000000
__Hcinit                 cinit        000000
__Hclrtext               clrtext      000000
__Hcomram                comram       000000
__Hconfig                config       30000E
__Hconst                 const        000000
__HcstackCOMRAM          cstackCOMRAM 000000
__Hdata                  data         000000
__HdataCOMRAM            dataCOMRAM   000000
__Heeprom_data           eeprom_data  000000
__Hfarbss                farbss       000000
__Hfardata               fardata      000000
__Hibigdata              ibigdata     000000
__Hidata                 idata        000000
__HidataCOMRAM           idataCOMRAM  000000
__Hidloc                 idloc        200008
__Hifardata              ifardata     000000
__Hinit                  init         0000D6
__Hintcode               intcode      0000D2
__Hintcode_body          intcode_body 000000
__Hintcodelo             intcodelo    0000D2
__Hintentry              intentry     000000
__Hintret                intret       000000
__Hintsave_regs          intsave_regs 000000
__Hirdata                irdata       000000
__Hmediumconst           mediumconst  000000
__HnvFARRAM              nvFARRAM     000000
__Hnvbit                 nvbit        000000
__Hnvrram                nvrram       000000
__Hparam                 rparam       000000
__Hpowerup               powerup      0000D2
__Hram                   ram          000000
__Hramtop                ramtop       000300
__Hrbit                  rbit         000000
__Hrbss                  rbss         000000
__Hrdata                 rdata        000000
__Hreset_vec             reset_vec    000004
__Hrparam                rparam       000000
__Hsfr                   sfr          000000
__Hsmallconst            smallconst   000304
__Hspace_0               (abs)        0005B5
__Hspace_1               (abs)        00003C
__Hspace_2               (abs)        000000
__Hspace_4               (abs)        60000E
__Hstack                 stack        000000
__Hstruct                struct       000000
__Htemp                  temp         00003C
__Htext                  text         000000
__Htext0                 text0        000000
__Htext1                 text1        000000
__Htext10                text10       000000
__Htext2                 text2        000000
__Htext3                 text3        000000
__Htext4                 text4        000000
__Htext6                 text6        000000
__Htext7                 text7        000000
__Htext8                 text8        000000
__Htext9                 text9        000000
__LRAM                   (abs)        000001
__Labs1                  abs1         000000
__Lbank0                 bank0        000000
__Lbank1                 bank1        000000
__Lbank2                 bank2        000000
__Lbigbss                bigbss       000000
__Lbigdata               bigdata      000000
__Lbigram                bigram       000000
__Lbss                   bss          000000
__LbssCOMRAM             bssCOMRAM    000000
__Lcinit                 cinit        000000
__Lclrtext               clrtext      000000
__Lcomram                comram       000000
__Lconfig                config       000000
__Lconst                 const        000000
__LcstackCOMRAM          cstackCOMRAM 000000
__Ldata                  data         000000
__LdataCOMRAM            dataCOMRAM   000000
__Leeprom_data           eeprom_data  000000
__Lfarbss                farbss       000000
__Lfardata               fardata      000000
__Libigdata              ibigdata     000000
__Lidata                 idata        000000
__LidataCOMRAM           idataCOMRAM  000000
__Lidloc                 idloc        000000
__Lifardata              ifardata     000000
__Linit                  init         0000D2
__Lintcode               intcode      000008
__Lintcode_body          intcode_body 000000
__Lintcodelo             intcodelo    0000D2
__Lintentry              intentry     000000
__Lintret                intret       000000
__Lintsave_regs          intsave_regs 000000
__Lirdata                irdata       000000
__Lmediumconst           mediumconst  000000
__LnvFARRAM              nvFARRAM     000000
__Lnvbit                 nvbit        000000
__Lnvrram                nvrram       000000
__Lparam                 rparam       000000
__Lpowerup               powerup      0000D2
__Lram                   ram          000000
__Lramtop                ramtop       000300
__Lrbit                  rbit         000000
__Lrbss                  rbss         000000
__Lrdata                 rdata        000000
__Lreset_vec             reset_vec    000000
__Lrparam                rparam       000000
__Lsfr                   sfr          000000
__Lsmallconst            smallconst   000300
__Lspace_0               (abs)        000000
__Lspace_1               (abs)        000000
__Lspace_2               (abs)        000000
__Lspace_4               (abs)        000000
__Lstack                 stack        000000
__Lstruct                struct       000000
__Ltemp                  temp         00003B
__Ltext                  text         000000
__Ltext0                 text0        000000
__Ltext1                 text1        000000
__Ltext10                text10       000000
__Ltext2                 text2        000000
__Ltext3                 text3        000000
__Ltext4                 text4        000000
__Ltext6                 text6        000000
__Ltext7                 text7        000000
__Ltext8                 text8        000000
__Ltext9                 text9        000000
__S0                     (abs)        0005B5
__S1                     (abs)        00003C
__S2                     (abs)        000000
__S4                     (abs)        000000
__S5                     (abs)        000000
___inthi_sp              stack        000000
___intlo_sp              stack        000000
___lwdiv                 text10       0003C6
___lwdiv@counter         cstackCOMRAM 000007
___lwdiv@dividend        cstackCOMRAM 000001
___lwdiv@divisor         cstackCOMRAM 000003
___lwdiv@quotient        cstackCOMRAM 000005
___lwmod                 text9        00043A
___lwmod@counter         cstackCOMRAM 000005
___lwmod@dividend        cstackCOMRAM 000001
___lwmod@divisor         cstackCOMRAM 000003
___param_bank            (abs)        000000
___rparam_used           (abs)        000001
___sp                    stack        000000
__accesstop              (abs)        000060
__activetblptr           (abs)        000001
__end_of_ISR             intcode      0000D2
__end_of___lwdiv         text10       00043A
__end_of___lwmod         text9        00049E
__end_of__initialization cinit        00050C
__end_of_itoa            text7        0004E2
__end_of_main            text0        00053E
__end_of_setupQEI        text4        000588
__end_of_setupTimer0     text3        000558
__end_of_setupTimer5     text2        0005B2
__end_of_setupUART       text1        000570
__end_of_tx_char         text6        00059E
__end_of_utoa            text8        0003C6
__initialization         cinit        0004E2
__mediumconst            mediumconst  000000
__pbssCOMRAM             bssCOMRAM    00001D
__pcinit                 cinit        0004E2
__pcstackCOMRAM          cstackCOMRAM 000001
__pdataCOMRAM            dataCOMRAM   000038
__pidataCOMRAM           idataCOMRAM  0005B2
__pintcode               intcode      000008
__psmallconst            smallconst   000300
__ptext0                 text0        00051E
__ptext1                 text1        000558
__ptext10                text10       0003C6
__ptext2                 text2        00059E
__ptext3                 text3        00053E
__ptext4                 text4        000570
__ptext6                 text6        000588
__ptext7                 text7        00049E
__ptext8                 text8        000304
__ptext9                 text9        00043A
__ramtop                 ramtop       000300
__size_of_ISR            (abs)        000000
__size_of___lwdiv        (abs)        000000
__size_of___lwmod        (abs)        000000
__size_of_itoa           (abs)        000000
__size_of_main           (abs)        000000
__size_of_setupQEI       (abs)        000000
__size_of_setupTimer0    (abs)        000000
__size_of_setupTimer5    (abs)        000000
__size_of_setupUART      (abs)        000000
__size_of_tx_char        (abs)        000000
__size_of_utoa           (abs)        000000
__smallconst             smallconst   000300
_count                   bssCOMRAM    000021
_count2                  bssCOMRAM    00001F
_digit                   bssCOMRAM    000023
_itoa                    text7        00049E
_main                    text0        00051E
_number                  dataCOMRAM   000038
_setupQEI                text4        000570
_setupTimer0             text3        00053E
_setupTimer5             text2        00059E
_setupUART               text1        000558
_str                     bssCOMRAM    00001D
_stringBuffer            bssCOMRAM    000024
_tx_char                 text6        000588
_utoa                    text8        000304
_w                       dataCOMRAM   00003A
btemp                    temp         00003B
end_of_initialization    cinit        00050C
int$flags                temp         00003B
intlevel0                text         000000
intlevel1                text         000000
intlevel2                text         000000
intlevel3                text         000000
isa$std                  (abs)        000001
isa$xinst                (abs)        000000
itoa@base                cstackCOMRAM 000015
itoa@buf                 cstackCOMRAM 000011
itoa@val                 cstackCOMRAM 000013
stackhi                  (abs)        0002FF
stacklo                  (abs)        000060
start                    init         0000D2
start_initialization     cinit        0004E2
ttemp5                   temp         00003C
ttemp6                   temp         00003F
ttemp7                   temp         000043
tx_char@a                cstackCOMRAM 000001
utoa@base                cstackCOMRAM 00000C
utoa@buf                 cstackCOMRAM 000008
utoa@c                   cstackCOMRAM 000010
utoa@v                   cstackCOMRAM 00000E
utoa@val                 cstackCOMRAM 00000A
wtemp8                   temp         00003C


MODULE INFORMATION

Module		Function		Class		Link	Load	Size
C:\Program Files\Microchip\xc8\v2.32\pic\sources\c90\common\lwmod.c
		___lwmod       		CODE           	043A	0000	100

C:\Program Files\Microchip\xc8\v2.32\pic\sources\c90\common\lwmod.c estimated size: 100

shared
		__initialization		CODE           	04E2	0000	42

shared estimated size: 42

C:\Program Files\Microchip\xc8\v2.32\pic\sources\c90\common\lwdiv.c
		___lwdiv       		CODE           	03C6	0000	116

C:\Program Files\Microchip\xc8\v2.32\pic\sources\c90\common\lwdiv.c estimated size: 116

motorMain.c
		_setupQEI      		CODE           	0570	0000	24
		_ISR           		CODE           	0008	0000	202
		_tx_char       		CODE           	0588	0000	22
		_main          		CODE           	051E	0000	32
		_setupUART     		CODE           	0558	0000	24
		_setupTimer0   		CODE           	053E	0000	26
		_setupTimer5   		CODE           	059E	0000	20

motorMain.c estimated size: 350

C:\Program Files\Microchip\xc8\v2.32\pic\sources\c90\common\itoa.c
		_itoa          		CODE           	049E	0000	68
		_utoa          		CODE           	0304	0000	194

C:\Program Files\Microchip\xc8\v2.32\pic\sources\c90\common\itoa.c estimated size: 262

