Microchip MPLAB XC8 Compiler V2.32

Linker command line:

-W-3 --edf=C:\Program Files\Microchip\xc8\v2.32\pic\dat\en_msgs.txt -cn \
  -h+dist/default/production\motor.X.production.sym \
  --cmf=dist/default/production\motor.X.production.cmf -z -Q18F4431 \
  -oC:\Users\david\AppData\Local\Temp\xcAsa66o.4 --defsym=__MPLAB_BUILD=1 \
  -Mdist/default/production/motor.X.production.map -E1 -ver=XC8 Compiler \
  --acfsm=1493 -ASTACK=060h-02FFh -pstack=STACK -ACODE=00h-03FFFh \
  -ACONST=00h-03FFFh -ASMALLCONST=0300h-03FFhx61 -AMEDIUMCONST=0300h-03FFFh \
  -ACOMRAM=01h-05Fh -AABS1=00h-02FFh -ABIGRAM=01h-02FFh \
  -ARAM=060h-0FFh,0100h-01FFhx2 -ABANK0=060h-0FFh -ABANK1=0100h-01FFh \
  -ABANK2=0200h-02FFh -ASFR=0F60h-0FFFh -ACONFIG=0300000h-030000Dh \
  -AIDLOC=0200000h-0200007h -AEEDATA=0F00000h-0F000FFh -peeprom_data=EEDATA \
  -preset_vec=00h,intcode=08h,intcodelo,powerup,init -pramtop=0300h \
  -psmallconst=SMALLCONST -pmediumconst=MEDIUMCONST -pconst=CONST \
  -AFARRAM=00h-00h \
  -prdata=COMRAM,nvrram=COMRAM,nvbit=COMRAM,rbss=COMRAM,rbit=COMRAM \
  -pfarbss=FARRAM,fardata=FARRAM,nvFARRAM=FARRAM \
  -pintsave_regs=BIGRAM,bigbss=BIGRAM,bigdata=BIGRAM -pbss=RAM \
  -pidata=CODE,irdata=CODE,ibigdata=CODE,ifardata=CODE -prparam=COMRAM \
  C:\Users\david\AppData\Local\Temp\xcAsa66o.o \
  dist/default/production\motor.X.production.o 

Object code version is 3.11

Machine type is 18F4431



                Name                               Link     Load   Length Selector   Space Scale
C:\Users\david\AppData\Local\Temp\xcAsa66o.o
                idloc                            200000   200000        8        0       5
                config                           300000   300000        E        0       4
                init                                 68       68        4        4       0
                reset_vec                             0        0        4        0       0
dist/default/production\motor.X.production.o
                intcode                               8        8       60        4       0
                idloc                            200000   200000        8        0       5
                config                           300000   300000        E        0       4
                temp                                  7        7        1        1       1
                smallconst                          300      300        4      180       0
                text5                               34A      34A       1A      182       0
                text3                               32C      32C       1E      182       0
                text2                               37C      37C       18      182       0
                text1                               394      394       14      182       0
                text0                               364      364       18      182       0
                cstackCOMRAM                          1        1        3        1       1
                dataCOMRAM                            6        6        1        1       1
                bssCOMRAM                             4        4        2        1       1
                cinit                               304      304       28      182       0
                idataCOMRAM                         3A8      3A8        1      182       0

TOTAL           Name                               Link     Load   Length     Space
        CLASS   STACK          

        CLASS   CODE           
                intcode                               8        8       60         0
                init                                 68       68        4         0
                reset_vec                             0        0        4         0
                text5                               34A      34A       1A         0
                text3                               32C      32C       1E         0
                text2                               37C      37C       18         0
                text1                               394      394       14         0
                text0                               364      364       18         0
                cinit                               304      304       28         0
                idataCOMRAM                         3A8      3A8        1         0

        CLASS   CONST          

        CLASS   SMALLCONST     
                smallconst                          300      300        4         0

        CLASS   MEDIUMCONST    

        CLASS   COMRAM         
                temp                                  7        7        1         1
                cstackCOMRAM                          1        1        3         1
                dataCOMRAM                            6        6        1         1
                bssCOMRAM                             4        4        2         1

        CLASS   ABS1           

        CLASS   BIGRAM         

        CLASS   RAM            

        CLASS   BANK0          

        CLASS   BANK1          

        CLASS   BANK2          

        CLASS   SFR            

        CLASS   CONFIG         
                config                           300000   300000        E         4

        CLASS   IDLOC          
                idloc                            200000   200000        8         5

        CLASS   EEDATA         

        CLASS   FARRAM         



SEGMENTS        Name                           Load    Length   Top    Selector   Space  Class

                reset_vec                      000000  000004  000004         0       0  CODE    
                cstackCOMRAM                   000001  000007  000008         1       1  COMRAM  
                intcode                        000008  000064  00006C         4       0  CODE    
                smallconst                     000300  000004  000304       180       0  SMALLCON
                cinit                          000304  0000A5  0003A9       182       0  CODE    


UNUSED ADDRESS RANGES

        Name                Unused          Largest block    Delta
        BANK0            000060-0000FF               A0
        BANK1            000100-0001FF              100
        BANK2            000200-0002FF              100
        BIGRAM           000008-0002FF              2F8
        CODE             000004-000007                4
                         00006C-0002FF              294
                         0003A9-003FFF             3C57
        COMRAM           000008-00005F               58
        CONST            000004-000007                4
                         00006C-0002FF              294
                         0003A9-003FFF             3C57
        EEDATA           F00000-F000FF              100
        MEDIUMCONST      0003A9-003FFF             3C57
        RAM              000060-0002FF              100
        SFR              000F60-000FFF               A0
        SMALLCONST       0003A9-003FFF              100
        STACK            000060-0002FF              2A0

                                  Symbol Table

SPI_Write@x              cstackCOMRAM 000001
_ADCON0                  (abs)        000FC2
_ADCON1                  (abs)        000FC1
_CS                      (abs)        007C22
_DFLTCONbits             (abs)        000F60
_INTCONbits              (abs)        000FF2
_ISR                     intcode      000008
_PIR1bits                (abs)        000F9E
_PORTBbits               (abs)        000F81
_QEICONbits              (abs)        000FB6
_SPI_Init_Slave          text3        00032C
_SPI_Write               text5        00034A
_SSPBUF                  (abs)        000FC9
_SSPCON1                 (abs)        000FC6
_SSPSTAT                 (abs)        000FC7
_T0CONbits               (abs)        000FD5
_T5CONbits               (abs)        000FB7
_TMR0                    (abs)        000FD6
_TMR5                    (abs)        000F87
_TRISCbits               (abs)        000F94
_TRISDbits               (abs)        000F95
__HRAM                   (abs)        000000
__Habs1                  abs1         000000
__Hbank0                 bank0        000000
__Hbank1                 bank1        000000
__Hbank2                 bank2        000000
__Hbigbss                bigbss       000000
__Hbigdata               bigdata      000000
__Hbigram                bigram       000000
__Hbss                   bss          000000
__HbssCOMRAM             bssCOMRAM    000000
__Hcinit                 cinit        000000
__Hclrtext               clrtext      000000
__Hcomram                comram       000000
__Hconfig                config       30000E
__Hconst                 const        000000
__HcstackCOMRAM          cstackCOMRAM 000000
__Hdata                  data         000000
__HdataCOMRAM            dataCOMRAM   000000
__Heeprom_data           eeprom_data  000000
__Hfarbss                farbss       000000
__Hfardata               fardata      000000
__Hibigdata              ibigdata     000000
__Hidata                 idata        000000
__HidataCOMRAM           idataCOMRAM  000000
__Hidloc                 idloc        200008
__Hifardata              ifardata     000000
__Hinit                  init         00006C
__Hintcode               intcode      000068
__Hintcode_body          intcode_body 000000
__Hintcodelo             intcodelo    000068
__Hintentry              intentry     000000
__Hintret                intret       000000
__Hintsave_regs          intsave_regs 000000
__Hirdata                irdata       000000
__Hmediumconst           mediumconst  000000
__HnvFARRAM              nvFARRAM     000000
__Hnvbit                 nvbit        000000
__Hnvrram                nvrram       000000
__Hparam                 rparam       000000
__Hpowerup               powerup      000068
__Hram                   ram          000000
__Hramtop                ramtop       000300
__Hrbit                  rbit         000000
__Hrbss                  rbss         000000
__Hrdata                 rdata        000000
__Hreset_vec             reset_vec    000004
__Hrparam                rparam       000000
__Hsfr                   sfr          000000
__Hsmallconst            smallconst   000304
__Hspace_0               (abs)        0003A9
__Hspace_1               (abs)        000008
__Hspace_2               (abs)        000000
__Hspace_4               (abs)        60000E
__Hstack                 stack        000000
__Hstruct                struct       000000
__Htemp                  temp         000008
__Htext                  text         000000
__Htext0                 text0        000000
__Htext1                 text1        000000
__Htext2                 text2        000000
__Htext3                 text3        000000
__Htext5                 text5        000000
__LRAM                   (abs)        000001
__Labs1                  abs1         000000
__Lbank0                 bank0        000000
__Lbank1                 bank1        000000
__Lbank2                 bank2        000000
__Lbigbss                bigbss       000000
__Lbigdata               bigdata      000000
__Lbigram                bigram       000000
__Lbss                   bss          000000
__LbssCOMRAM             bssCOMRAM    000000
__Lcinit                 cinit        000000
__Lclrtext               clrtext      000000
__Lcomram                comram       000000
__Lconfig                config       000000
__Lconst                 const        000000
__LcstackCOMRAM          cstackCOMRAM 000000
__Ldata                  data         000000
__LdataCOMRAM            dataCOMRAM   000000
__Leeprom_data           eeprom_data  000000
__Lfarbss                farbss       000000
__Lfardata               fardata      000000
__Libigdata              ibigdata     000000
__Lidata                 idata        000000
__LidataCOMRAM           idataCOMRAM  000000
__Lidloc                 idloc        000000
__Lifardata              ifardata     000000
__Linit                  init         000068
__Lintcode               intcode      000008
__Lintcode_body          intcode_body 000000
__Lintcodelo             intcodelo    000068
__Lintentry              intentry     000000
__Lintret                intret       000000
__Lintsave_regs          intsave_regs 000000
__Lirdata                irdata       000000
__Lmediumconst           mediumconst  000000
__LnvFARRAM              nvFARRAM     000000
__Lnvbit                 nvbit        000000
__Lnvrram                nvrram       000000
__Lparam                 rparam       000000
__Lpowerup               powerup      000068
__Lram                   ram          000000
__Lramtop                ramtop       000300
__Lrbit                  rbit         000000
__Lrbss                  rbss         000000
__Lrdata                 rdata        000000
__Lreset_vec             reset_vec    000000
__Lrparam                rparam       000000
__Lsfr                   sfr          000000
__Lsmallconst            smallconst   000300
__Lspace_0               (abs)        000000
__Lspace_1               (abs)        000000
__Lspace_2               (abs)        000000
__Lspace_4               (abs)        000000
__Lstack                 stack        000000
__Lstruct                struct       000000
__Ltemp                  temp         000007
__Ltext                  text         000000
__Ltext0                 text0        000000
__Ltext1                 text1        000000
__Ltext2                 text2        000000
__Ltext3                 text3        000000
__Ltext5                 text5        000000
__S0                     (abs)        0003A9
__S1                     (abs)        000008
__S2                     (abs)        000000
__S4                     (abs)        000000
__S5                     (abs)        000000
___inthi_sp              stack        000000
___intlo_sp              stack        000000
___param_bank            (abs)        000000
___rparam_used           (abs)        000001
___sp                    stack        000000
__accesstop              (abs)        000060
__activetblptr           (abs)        000001
__end_of_ISR             intcode      000068
__end_of_SPI_Init_Slave  text3        00034A
__end_of_SPI_Write       text5        000364
__end_of__initialization cinit        00031A
__end_of_main            text0        00037C
__end_of_setupQEI        text2        000394
__end_of_setupTimer5     text1        0003A8
__initialization         cinit        000304
__mediumconst            mediumconst  000000
__pbssCOMRAM             bssCOMRAM    000004
__pcinit                 cinit        000304
__pcstackCOMRAM          cstackCOMRAM 000001
__pdataCOMRAM            dataCOMRAM   000006
__pidataCOMRAM           idataCOMRAM  0003A8
__pintcode               intcode      000008
__psmallconst            smallconst   000300
__ptext0                 text0        000364
__ptext1                 text1        000394
__ptext2                 text2        00037C
__ptext3                 text3        00032C
__ptext5                 text5        00034A
__ramtop                 ramtop       000300
__size_of_ISR            (abs)        000000
__size_of_SPI_Init_Slave (abs)        000000
__size_of_SPI_Write      (abs)        000000
__size_of_main           (abs)        000000
__size_of_setupQEI       (abs)        000000
__size_of_setupTimer5    (abs)        000000
__smallconst             smallconst   000300
_count                   bssCOMRAM    000004
_main                    text0        000364
_setupQEI                text2        00037C
_setupTimer5             text1        000394
_w                       dataCOMRAM   000006
btemp                    temp         000007
end_of_initialization    cinit        00031A
int$flags                temp         000007
intlevel0                text         000000
intlevel1                text         000000
intlevel2                text         000000
intlevel3                text         000000
isa$std                  (abs)        000001
isa$xinst                (abs)        000000
stackhi                  (abs)        0002FF
stacklo                  (abs)        000060
start                    init         000068
start_initialization     cinit        000304
ttemp5                   temp         000008
ttemp6                   temp         00000B
ttemp7                   temp         00000F
wtemp8                   temp         000008


MODULE INFORMATION

Module		Function		Class		Link	Load	Size
shared
		__initialization		CODE           	0304	0000	22

shared estimated size: 22

motorMain.c
		_setupQEI      		CODE           	037C	0000	24
		_ISR           		CODE           	0008	0000	96
		_main          		CODE           	0364	0000	24
		_SPI_Write     		CODE           	034A	0000	26
		_SPI_Init_Slave		CODE           	032C	0000	30
		_setupTimer5   		CODE           	0394	0000	20

motorMain.c estimated size: 220

