Microchip MPLAB XC8 Compiler V2.32

Linker command line:

-W-3 --edf=C:\Program Files\Microchip\xc8\v2.32\pic\dat\en_msgs.txt -cn \
  -h+dist/default/production\masterSim.X.production.sym \
  --cmf=dist/default/production\masterSim.X.production.cmf -z -Q18F4431 \
  -oC:\Users\david\AppData\Local\Temp\xcAs8gq4.4 --defsym=__MPLAB_BUILD=1 \
  -Mdist/default/production/masterSim.X.production.map -E1 \
  -ver=XC8 Compiler --acfsm=1493 -ASTACK=060h-02FFh -pstack=STACK \
  -ACODE=00h-03FFFh -ACONST=00h-03FFFh -ASMALLCONST=0300h-03FFhx61 \
  -AMEDIUMCONST=0300h-03FFFh -ACOMRAM=01h-05Fh -AABS1=00h-02FFh \
  -ABIGRAM=01h-02FFh -ARAM=060h-0FFh,0100h-01FFhx2 -ABANK0=060h-0FFh \
  -ABANK1=0100h-01FFh -ABANK2=0200h-02FFh -ASFR=0F60h-0FFFh \
  -ACONFIG=0300000h-030000Dh -AIDLOC=0200000h-0200007h \
  -AEEDATA=0F00000h-0F000FFh -peeprom_data=EEDATA \
  -preset_vec=00h,intcode=08h,intcodelo,powerup,init -pramtop=0300h \
  -psmallconst=SMALLCONST -pmediumconst=MEDIUMCONST -pconst=CONST \
  -AFARRAM=00h-00h \
  -prdata=COMRAM,nvrram=COMRAM,nvbit=COMRAM,rbss=COMRAM,rbit=COMRAM \
  -pfarbss=FARRAM,fardata=FARRAM,nvFARRAM=FARRAM \
  -pintsave_regs=BIGRAM,bigbss=BIGRAM,bigdata=BIGRAM -pbss=RAM \
  -pidata=CODE,irdata=CODE,ibigdata=CODE,ifardata=CODE -prparam=COMRAM \
  C:\Users\david\AppData\Local\Temp\xcAs8gq4.o \
  dist/default/production\masterSim.X.production.o 

Object code version is 3.11

Machine type is 18F4431



                Name                               Link     Load   Length Selector   Space Scale
C:\Users\david\AppData\Local\Temp\xcAs8gq4.o
                idloc                            200000   200000        8        0       5
                config                           300000   300000        E        0       4
                init                                194      194        4        4       0
                reset_vec                             0        0        4        0       0
dist/default/production\masterSim.X.production.o
                intcode                               8        8      18C        4       0
                idloc                            200000   200000        8        0       5
                config                           300000   300000        E        0       4
                temp                                 33       33        1        1       1
                text8                               25A      25A       74        4       0
                text7                               2CE      2CE       64        4       0
                text6                               198      198       C2        4       0
                text5                               332      332       44        4       0
                text4                               3DC      3DC       16        4       0
                text2                               394      394       1A        4       0
                text1                               3AE      3AE       18        4       0
                text0                               376      376       1E        4       0
                cstackCOMRAM                          1        1       1A        1       1
                bssCOMRAM                            1B       1B       18        1       1
                cinit                               3C6      3C6       16        4       0

TOTAL           Name                               Link     Load   Length     Space
        CLASS   STACK          

        CLASS   CODE           
                intcode                               8        8      18C         0
                init                                194      194        4         0
                reset_vec                             0        0        4         0
                text8                               25A      25A       74         0
                text7                               2CE      2CE       64         0
                text6                               198      198       C2         0
                text5                               332      332       44         0
                text4                               3DC      3DC       16         0
                text2                               394      394       1A         0
                text1                               3AE      3AE       18         0
                text0                               376      376       1E         0
                cinit                               3C6      3C6       16         0

        CLASS   CONST          

        CLASS   SMALLCONST     

        CLASS   MEDIUMCONST    

        CLASS   COMRAM         
                temp                                 33       33        1         1
                cstackCOMRAM                          1        1       1A         1
                bssCOMRAM                            1B       1B       18         1

        CLASS   ABS1           

        CLASS   BIGRAM         

        CLASS   RAM            

        CLASS   BANK0          

        CLASS   BANK1          

        CLASS   BANK2          

        CLASS   SFR            

        CLASS   CONFIG         
                config                           300000   300000        E         4

        CLASS   IDLOC          
                idloc                            200000   200000        8         5

        CLASS   EEDATA         

        CLASS   FARRAM         



SEGMENTS        Name                           Load    Length   Top    Selector   Space  Class

                reset_vec                      000000  000004  000004         0       0  CODE    
                cstackCOMRAM                   000001  000033  000034         1       1  COMRAM  
                intcode                        000008  0003EA  0003F2         4       0  CODE    


UNUSED ADDRESS RANGES

        Name                Unused          Largest block    Delta
        BANK0            000060-0000FF               A0
        BANK1            000100-0001FF              100
        BANK2            000200-0002FF              100
        BIGRAM           000034-0002FF              2CC
        CODE             000004-000007                4
                         0003F2-003FFF             3C0E
        COMRAM           000034-00005F               2C
        CONST            000004-000007                4
                         0003F2-003FFF             3C0E
        EEDATA           F00000-F000FF              100
        MEDIUMCONST      0003F2-003FFF             3C0E
        RAM              000060-0002FF              100
        SFR              000F60-000FFF               A0
        SMALLCONST       0003F2-003FFF              100
        STACK            000060-0002FF              2A0

                                  Symbol Table

?___lwdiv                cstackCOMRAM 000001
?___lwmod                cstackCOMRAM 000001
ISR@i                    cstackCOMRAM 000019
_INTCONbits              (abs)        000FF2
_ISR                     intcode      000008
_PIE1bits                (abs)        000F9D
_PORTB                   (abs)        000F81
_PORTD                   (abs)        000F83
_RCIF                    (abs)        007CF5
_RCREG                   (abs)        000FAE
_RCSTAbits               (abs)        000FAB
_SPBRG                   (abs)        000FAF
_T0CONbits               (abs)        000FD5
_TMR0                    (abs)        000FD6
_TRISB                   (abs)        000F93
_TRISCbits               (abs)        000F94
_TRISD                   (abs)        000F95
_TRISEbits               (abs)        000F96
_TRMT                    (abs)        007D61
_TXREG                   (abs)        000FAD
_TXSTAbits               (abs)        000FAC
__HRAM                   (abs)        000000
__Habs1                  abs1         000000
__Hbank0                 bank0        000000
__Hbank1                 bank1        000000
__Hbank2                 bank2        000000
__Hbigbss                bigbss       000000
__Hbigdata               bigdata      000000
__Hbigram                bigram       000000
__Hbss                   bss          000000
__HbssCOMRAM             bssCOMRAM    000000
__Hcinit                 cinit        000000
__Hclrtext               clrtext      000000
__Hcomram                comram       000000
__Hconfig                config       30000E
__Hconst                 const        000000
__HcstackCOMRAM          cstackCOMRAM 000000
__Hdata                  data         000000
__Heeprom_data           eeprom_data  000000
__Hfarbss                farbss       000000
__Hfardata               fardata      000000
__Hibigdata              ibigdata     000000
__Hidata                 idata        000000
__Hidloc                 idloc        200008
__Hifardata              ifardata     000000
__Hinit                  init         000198
__Hintcode               intcode      000194
__Hintcode_body          intcode_body 000000
__Hintcodelo             intcodelo    000194
__Hintentry              intentry     000000
__Hintret                intret       000000
__Hintsave_regs          intsave_regs 000000
__Hirdata                irdata       000000
__Hmediumconst           mediumconst  000000
__HnvFARRAM              nvFARRAM     000000
__Hnvbit                 nvbit        000000
__Hnvrram                nvrram       000000
__Hparam                 rparam       000000
__Hpowerup               powerup      000194
__Hram                   ram          000000
__Hramtop                ramtop       000300
__Hrbit                  rbit         000000
__Hrbss                  rbss         000000
__Hrdata                 rdata        000000
__Hreset_vec             reset_vec    000004
__Hrparam                rparam       000000
__Hsfr                   sfr          000000
__Hsmallconst            smallconst   000000
__Hspace_0               (abs)        0003F2
__Hspace_1               (abs)        000034
__Hspace_2               (abs)        000000
__Hspace_4               (abs)        60000E
__Hstack                 stack        000000
__Hstruct                struct       000000
__Htemp                  temp         000034
__Htext                  text         000000
__Htext0                 text0        000000
__Htext1                 text1        000000
__Htext2                 text2        000000
__Htext4                 text4        000000
__Htext5                 text5        000000
__Htext6                 text6        000000
__Htext7                 text7        000000
__Htext8                 text8        000000
__LRAM                   (abs)        000001
__Labs1                  abs1         000000
__Lbank0                 bank0        000000
__Lbank1                 bank1        000000
__Lbank2                 bank2        000000
__Lbigbss                bigbss       000000
__Lbigdata               bigdata      000000
__Lbigram                bigram       000000
__Lbss                   bss          000000
__LbssCOMRAM             bssCOMRAM    000000
__Lcinit                 cinit        000000
__Lclrtext               clrtext      000000
__Lcomram                comram       000000
__Lconfig                config       000000
__Lconst                 const        000000
__LcstackCOMRAM          cstackCOMRAM 000000
__Ldata                  data         000000
__Leeprom_data           eeprom_data  000000
__Lfarbss                farbss       000000
__Lfardata               fardata      000000
__Libigdata              ibigdata     000000
__Lidata                 idata        000000
__Lidloc                 idloc        000000
__Lifardata              ifardata     000000
__Linit                  init         000194
__Lintcode               intcode      000008
__Lintcode_body          intcode_body 000000
__Lintcodelo             intcodelo    000194
__Lintentry              intentry     000000
__Lintret                intret       000000
__Lintsave_regs          intsave_regs 000000
__Lirdata                irdata       000000
__Lmediumconst           mediumconst  000000
__LnvFARRAM              nvFARRAM     000000
__Lnvbit                 nvbit        000000
__Lnvrram                nvrram       000000
__Lparam                 rparam       000000
__Lpowerup               powerup      000194
__Lram                   ram          000000
__Lramtop                ramtop       000300
__Lrbit                  rbit         000000
__Lrbss                  rbss         000000
__Lrdata                 rdata        000000
__Lreset_vec             reset_vec    000000
__Lrparam                rparam       000000
__Lsfr                   sfr          000000
__Lsmallconst            smallconst   000000
__Lspace_0               (abs)        000000
__Lspace_1               (abs)        000000
__Lspace_2               (abs)        000000
__Lspace_4               (abs)        000000
__Lstack                 stack        000000
__Lstruct                struct       000000
__Ltemp                  temp         000033
__Ltext                  text         000000
__Ltext0                 text0        000000
__Ltext1                 text1        000000
__Ltext2                 text2        000000
__Ltext4                 text4        000000
__Ltext5                 text5        000000
__Ltext6                 text6        000000
__Ltext7                 text7        000000
__Ltext8                 text8        000000
__S0                     (abs)        0003F2
__S1                     (abs)        000034
__S2                     (abs)        000000
__S4                     (abs)        000000
__S5                     (abs)        000000
___inthi_sp              stack        000000
___intlo_sp              stack        000000
___lwdiv                 text8        00025A
___lwdiv@counter         cstackCOMRAM 000007
___lwdiv@dividend        cstackCOMRAM 000001
___lwdiv@divisor         cstackCOMRAM 000003
___lwdiv@quotient        cstackCOMRAM 000005
___lwmod                 text7        0002CE
___lwmod@counter         cstackCOMRAM 000005
___lwmod@dividend        cstackCOMRAM 000001
___lwmod@divisor         cstackCOMRAM 000003
___param_bank            (abs)        000000
___rparam_used           (abs)        000001
___sp                    stack        000000
__accesstop              (abs)        000060
__activetblptr           (abs)        000000
__end_of_ISR             intcode      000194
__end_of___lwdiv         text8        0002CE
__end_of___lwmod         text7        000332
__end_of__initialization cinit        0003D2
__end_of_itoa            text5        000376
__end_of_main            text0        000394
__end_of_setupTimer0     text2        0003AE
__end_of_setupUART       text1        0003C6
__end_of_tx_char         text4        0003F2
__end_of_utoa            text6        00025A
__initialization         cinit        0003C6
__mediumconst            mediumconst  000000
__pbssCOMRAM             bssCOMRAM    00001B
__pcinit                 cinit        0003C6
__pcstackCOMRAM          cstackCOMRAM 000001
__pintcode               intcode      000008
__ptext0                 text0        000376
__ptext1                 text1        0003AE
__ptext2                 text2        000394
__ptext4                 text4        0003DC
__ptext5                 text5        000332
__ptext6                 text6        000198
__ptext7                 text7        0002CE
__ptext8                 text8        00025A
__ramtop                 ramtop       000300
__size_of_ISR            (abs)        000000
__size_of___lwdiv        (abs)        000000
__size_of___lwmod        (abs)        000000
__size_of_itoa           (abs)        000000
__size_of_main           (abs)        000000
__size_of_setupTimer0    (abs)        000000
__size_of_setupUART      (abs)        000000
__size_of_tx_char        (abs)        000000
__size_of_utoa           (abs)        000000
__smallconst             smallconst   000000
_count                   bssCOMRAM    00001B
_itoa                    text5        000332
_main                    text0        000376
_setupTimer0             text2        000394
_setupUART               text1        0003AE
_stringBuffer            bssCOMRAM    00001F
_tx_char                 text4        0003DC
_u1                      bssCOMRAM    00001E
_u2                      bssCOMRAM    00001D
_utoa                    text6        000198
btemp                    temp         000033
end_of_initialization    cinit        0003D2
int$flags                temp         000033
intlevel0                text         000000
intlevel1                text         000000
intlevel2                text         000000
intlevel3                text         000000
isa$std                  (abs)        000001
isa$xinst                (abs)        000000
itoa@base                cstackCOMRAM 000015
itoa@buf                 cstackCOMRAM 000011
itoa@val                 cstackCOMRAM 000013
stackhi                  (abs)        0002FF
stacklo                  (abs)        000060
start                    init         000194
start_initialization     cinit        0003C6
ttemp5                   temp         000034
ttemp6                   temp         000037
ttemp7                   temp         00003B
tx_char@a                cstackCOMRAM 000001
utoa@base                cstackCOMRAM 00000C
utoa@buf                 cstackCOMRAM 000008
utoa@c                   cstackCOMRAM 000010
utoa@v                   cstackCOMRAM 00000E
utoa@val                 cstackCOMRAM 00000A
wtemp8                   temp         000034


MODULE INFORMATION

Module		Function		Class		Link	Load	Size
masterSim.c
		_ISR           		CODE           	0008	0000	396
		_tx_char       		CODE           	03DC	0000	22
		_main          		CODE           	0376	0000	30
		_setupUART     		CODE           	03AE	0000	24
		_setupTimer0   		CODE           	0394	0000	26

masterSim.c estimated size: 498

C:\Program Files\Microchip\xc8\v2.32\pic\sources\c90\common\lwmod.c
		___lwmod       		CODE           	02CE	0000	100

C:\Program Files\Microchip\xc8\v2.32\pic\sources\c90\common\lwmod.c estimated size: 100

shared
		__initialization		CODE           	03C6	0000	12

shared estimated size: 12

C:\Program Files\Microchip\xc8\v2.32\pic\sources\c90\common\lwdiv.c
		___lwdiv       		CODE           	025A	0000	116

C:\Program Files\Microchip\xc8\v2.32\pic\sources\c90\common\lwdiv.c estimated size: 116

C:\Program Files\Microchip\xc8\v2.32\pic\sources\c90\common\itoa.c
		_itoa          		CODE           	0332	0000	68
		_utoa          		CODE           	0198	0000	194

C:\Program Files\Microchip\xc8\v2.32\pic\sources\c90\common\itoa.c estimated size: 262

