Microchip MPLAB XC8 Compiler V2.32

Linker command line:

-W-3 --edf=C:\Program Files\Microchip\xc8\v2.32\pic\dat\en_msgs.txt -cn \
  -h+dist/default/production\master.X.production.sym \
  --cmf=dist/default/production\master.X.production.cmf -z -Q18F4431 \
  -oC:\Users\david\AppData\Local\Temp\xcAsa7jo.4 --defsym=__MPLAB_BUILD=1 \
  -Mdist/default/production/master.X.production.map -E1 -ver=XC8 Compiler \
  --acfsm=1493 -ASTACK=060h-02FFh -pstack=STACK -ACODE=00h-03FFFh \
  -ACONST=00h-03FFFh -ASMALLCONST=0300h-03FFhx61 -AMEDIUMCONST=0300h-03FFFh \
  -ACOMRAM=01h-05Fh -AABS1=00h-02FFh -ABIGRAM=01h-02FFh \
  -ARAM=060h-0FFh,0100h-01FFhx2 -ABANK0=060h-0FFh -ABANK1=0100h-01FFh \
  -ABANK2=0200h-02FFh -ASFR=0F60h-0FFFh -ACONFIG=0300000h-030000Dh \
  -AIDLOC=0200000h-0200007h -AEEDATA=0F00000h-0F000FFh -peeprom_data=EEDATA \
  -preset_vec=00h,intcode=08h,intcodelo,powerup,init -pramtop=0300h \
  -psmallconst=SMALLCONST -pmediumconst=MEDIUMCONST -pconst=CONST \
  -AFARRAM=00h-00h \
  -prdata=COMRAM,nvrram=COMRAM,nvbit=COMRAM,rbss=COMRAM,rbit=COMRAM \
  -pfarbss=FARRAM,fardata=FARRAM,nvFARRAM=FARRAM \
  -pintsave_regs=BIGRAM,bigbss=BIGRAM,bigdata=BIGRAM -pbss=RAM \
  -pidata=CODE,irdata=CODE,ibigdata=CODE,ifardata=CODE -prparam=COMRAM \
  C:\Users\david\AppData\Local\Temp\xcAsa7jo.o \
  dist/default/production\master.X.production.o 

Object code version is 3.11

Machine type is 18F4431



                Name                               Link     Load   Length Selector   Space Scale
C:\Users\david\AppData\Local\Temp\xcAsa7jo.o
                idloc                            200000   200000        8        0       5
                config                           300000   300000        E        0       4
                init                                 A4       A4        4        4       0
                reset_vec                             0        0        4        0       0
dist/default/production\master.X.production.o
                intcode                               8        8       9C        4       0
                idloc                            200000   200000        8        0       5
                config                           300000   300000        E        0       4
                temp                                 3E       3E        1        1       1
                text13                              268      268       6E        4       0
                text12                              1F4      1F4       74        4       0
                text11                              2D6      2D6       64        4       0
                text10                               A8       A8       C2        4       0
                text9                               33A      33A       44        4       0
                text8                               454      454       16        4       0
                text7                               16A      16A       8A        4       0
                text6                               37E      37E       30        4       0
                text5                               46A      46A       12        4       0
                text3                               402      402       20        4       0
                text2                               422      422       1A        4       0
                text1                               43C      43C       18        4       0
                text0                               3DC      3DC       26        4       0
                cstackCOMRAM                         20       20       1C        1       1
                dataCOMRAM                           3C       3C        2        1       1
                bssCOMRAM                             1        1       1F        1       1
                cinit                               3AE      3AE       2E        4       0
                idataCOMRAM                         47C      47C        2        4       0

TOTAL           Name                               Link     Load   Length     Space
        CLASS   STACK          

        CLASS   CODE           
                intcode                               8        8       9C         0
                init                                 A4       A4        4         0
                reset_vec                             0        0        4         0
                text13                              268      268       6E         0
                text12                              1F4      1F4       74         0
                text11                              2D6      2D6       64         0
                text10                               A8       A8       C2         0
                text9                               33A      33A       44         0
                text8                               454      454       16         0
                text7                               16A      16A       8A         0
                text6                               37E      37E       30         0
                text5                               46A      46A       12         0
                text3                               402      402       20         0
                text2                               422      422       1A         0
                text1                               43C      43C       18         0
                text0                               3DC      3DC       26         0
                cinit                               3AE      3AE       2E         0
                idataCOMRAM                         47C      47C        2         0

        CLASS   CONST          

        CLASS   SMALLCONST     

        CLASS   MEDIUMCONST    

        CLASS   COMRAM         
                temp                                 3E       3E        1         1
                cstackCOMRAM                         20       20       1C         1
                dataCOMRAM                           3C       3C        2         1
                bssCOMRAM                             1        1       1F         1

        CLASS   ABS1           

        CLASS   BIGRAM         

        CLASS   RAM            

        CLASS   BANK0          

        CLASS   BANK1          

        CLASS   BANK2          

        CLASS   SFR            

        CLASS   CONFIG         
                config                           300000   300000        E         4

        CLASS   IDLOC          
                idloc                            200000   200000        8         5

        CLASS   EEDATA         

        CLASS   FARRAM         



SEGMENTS        Name                           Load    Length   Top    Selector   Space  Class

                reset_vec                      000000  000004  000004         0       0  CODE    
                bssCOMRAM                      000001  00003E  00003F         1       1  COMRAM  
                intcode                        000008  000476  00047E         4       0  CODE    


UNUSED ADDRESS RANGES

        Name                Unused          Largest block    Delta
        BANK0            000060-0000FF               A0
        BANK1            000100-0001FF              100
        BANK2            000200-0002FF              100
        BIGRAM           00003F-0002FF              2C1
        CODE             000004-000007                4
                         00047E-003FFF             3B82
        COMRAM           00003F-00005F               21
        CONST            000004-000007                4
                         00047E-003FFF             3B82
        EEDATA           F00000-F000FF              100
        MEDIUMCONST      00047E-003FFF             3B82
        RAM              000060-0002FF              100
        SFR              000F60-000FFF               A0
        SMALLCONST       00047E-003FFF              100
        STACK            000060-0002FF              2A0

                                  Symbol Table

?___lwdiv                 cstackCOMRAM 000020
?___lwmod                 cstackCOMRAM 000020
ISR@c                     cstackCOMRAM 00003B
ReadSPI@a                 cstackCOMRAM 000020
UARTM1@i                  cstackCOMRAM 000036
UARTM1@tempM1             cstackCOMRAM 000038
UARTM2@tempM2             cstackCOMRAM 000022
_ADCON0                   (abs)        000FC2
_ADCON1                   (abs)        000FC1
_CS                       (abs)        007C22
_INTCONbits               (abs)        000FF2
_IPR1bits                 (abs)        000F9F
_ISR                      intcode      000008
_PIE1bits                 (abs)        000F9D
_PIR1bits                 (abs)        000F9E
_PORTBbits                (abs)        000F81
_PORTCbits                (abs)        000F82
_RCIF                     (abs)        007CF5
_RCREG                    (abs)        000FAE
_RCSTAbits                (abs)        000FAB
_ReadSPI                  text13       000268
_SPBRG                    (abs)        000FAF
_SPI_Init_Master          text3        000402
_SSPBUF                   (abs)        000FC9
_SSPCON1                  (abs)        000FC6
_SSPCON1bits              (abs)        000FC6
_SSPSTAT                  (abs)        000FC7
_T0CONbits                (abs)        000FD5
_T1CONbits                (abs)        000FCD
_TMR0                     (abs)        000FD6
_TMR1                     (abs)        000FCE
_TRISB                    (abs)        000F93
_TRISCbits                (abs)        000F94
_TRISDbits                (abs)        000F95
_TRMT                     (abs)        007D61
_TXREG                    (abs)        000FAD
_TXSTAbits                (abs)        000FAC
_UARTM1                   text7        00016A
_UARTM2                   text6        00037E
__HRAM                    (abs)        000000
__Habs1                   abs1         000000
__Hbank0                  bank0        000000
__Hbank1                  bank1        000000
__Hbank2                  bank2        000000
__Hbigbss                 bigbss       000000
__Hbigdata                bigdata      000000
__Hbigram                 bigram       000000
__Hbss                    bss          000000
__HbssCOMRAM              bssCOMRAM    000000
__Hcinit                  cinit        000000
__Hclrtext                clrtext      000000
__Hcomram                 comram       000000
__Hconfig                 config       30000E
__Hconst                  const        000000
__HcstackCOMRAM           cstackCOMRAM 000000
__Hdata                   data         000000
__HdataCOMRAM             dataCOMRAM   000000
__Heeprom_data            eeprom_data  000000
__Hfarbss                 farbss       000000
__Hfardata                fardata      000000
__Hibigdata               ibigdata     000000
__Hidata                  idata        000000
__HidataCOMRAM            idataCOMRAM  000000
__Hidloc                  idloc        200008
__Hifardata               ifardata     000000
__Hinit                   init         0000A8
__Hintcode                intcode      0000A4
__Hintcode_body           intcode_body 000000
__Hintcodelo              intcodelo    0000A4
__Hintentry               intentry     000000
__Hintret                 intret       000000
__Hintsave_regs           intsave_regs 000000
__Hirdata                 irdata       000000
__Hmediumconst            mediumconst  000000
__HnvFARRAM               nvFARRAM     000000
__Hnvbit                  nvbit        000000
__Hnvrram                 nvrram       000000
__Hparam                  rparam       000000
__Hpowerup                powerup      0000A4
__Hram                    ram          000000
__Hramtop                 ramtop       000300
__Hrbit                   rbit         000000
__Hrbss                   rbss         000000
__Hrdata                  rdata        000000
__Hreset_vec              reset_vec    000004
__Hrparam                 rparam       000000
__Hsfr                    sfr          000000
__Hsmallconst             smallconst   000000
__Hspace_0                (abs)        00047E
__Hspace_1                (abs)        00003F
__Hspace_2                (abs)        000000
__Hspace_4                (abs)        60000E
__Hstack                  stack        000000
__Hstruct                 struct       000000
__Htemp                   temp         00003F
__Htext                   text         000000
__Htext0                  text0        000000
__Htext1                  text1        000000
__Htext10                 text10       000000
__Htext11                 text11       000000
__Htext12                 text12       000000
__Htext13                 text13       000000
__Htext2                  text2        000000
__Htext3                  text3        000000
__Htext5                  text5        000000
__Htext6                  text6        000000
__Htext7                  text7        000000
__Htext8                  text8        000000
__Htext9                  text9        000000
__LRAM                    (abs)        000001
__Labs1                   abs1         000000
__Lbank0                  bank0        000000
__Lbank1                  bank1        000000
__Lbank2                  bank2        000000
__Lbigbss                 bigbss       000000
__Lbigdata                bigdata      000000
__Lbigram                 bigram       000000
__Lbss                    bss          000000
__LbssCOMRAM              bssCOMRAM    000000
__Lcinit                  cinit        000000
__Lclrtext                clrtext      000000
__Lcomram                 comram       000000
__Lconfig                 config       000000
__Lconst                  const        000000
__LcstackCOMRAM           cstackCOMRAM 000000
__Ldata                   data         000000
__LdataCOMRAM             dataCOMRAM   000000
__Leeprom_data            eeprom_data  000000
__Lfarbss                 farbss       000000
__Lfardata                fardata      000000
__Libigdata               ibigdata     000000
__Lidata                  idata        000000
__LidataCOMRAM            idataCOMRAM  000000
__Lidloc                  idloc        000000
__Lifardata               ifardata     000000
__Linit                   init         0000A4
__Lintcode                intcode      000008
__Lintcode_body           intcode_body 000000
__Lintcodelo              intcodelo    0000A4
__Lintentry               intentry     000000
__Lintret                 intret       000000
__Lintsave_regs           intsave_regs 000000
__Lirdata                 irdata       000000
__Lmediumconst            mediumconst  000000
__LnvFARRAM               nvFARRAM     000000
__Lnvbit                  nvbit        000000
__Lnvrram                 nvrram       000000
__Lparam                  rparam       000000
__Lpowerup                powerup      0000A4
__Lram                    ram          000000
__Lramtop                 ramtop       000300
__Lrbit                   rbit         000000
__Lrbss                   rbss         000000
__Lrdata                  rdata        000000
__Lreset_vec              reset_vec    000000
__Lrparam                 rparam       000000
__Lsfr                    sfr          000000
__Lsmallconst             smallconst   000000
__Lspace_0                (abs)        000000
__Lspace_1                (abs)        000000
__Lspace_2                (abs)        000000
__Lspace_4                (abs)        000000
__Lstack                  stack        000000
__Lstruct                 struct       000000
__Ltemp                   temp         00003E
__Ltext                   text         000000
__Ltext0                  text0        000000
__Ltext1                  text1        000000
__Ltext10                 text10       000000
__Ltext11                 text11       000000
__Ltext12                 text12       000000
__Ltext13                 text13       000000
__Ltext2                  text2        000000
__Ltext3                  text3        000000
__Ltext5                  text5        000000
__Ltext6                  text6        000000
__Ltext7                  text7        000000
__Ltext8                  text8        000000
__Ltext9                  text9        000000
__S0                      (abs)        00047E
__S1                      (abs)        00003F
__S2                      (abs)        000000
__S4                      (abs)        000000
__S5                      (abs)        000000
___inthi_sp               stack        000000
___intlo_sp               stack        000000
___lwdiv                  text12       0001F4
___lwdiv@counter          cstackCOMRAM 000026
___lwdiv@dividend         cstackCOMRAM 000020
___lwdiv@divisor          cstackCOMRAM 000022
___lwdiv@quotient         cstackCOMRAM 000024
___lwmod                  text11       0002D6
___lwmod@counter          cstackCOMRAM 000024
___lwmod@dividend         cstackCOMRAM 000020
___lwmod@divisor          cstackCOMRAM 000022
___param_bank             (abs)        000000
___rparam_used            (abs)        000001
___sp                     stack        000000
__accesstop               (abs)        000060
__activetblptr            (abs)        000000
__end_of_ISR              intcode      0000A4
__end_of_ReadSPI          text13       0002D6
__end_of_SPI_Init_Master  text3        000422
__end_of_UARTM1           text7        0001F4
__end_of_UARTM2           text6        0003AE
__end_of___lwdiv          text12       000268
__end_of___lwmod          text11       00033A
__end_of__initialization  cinit        0003D2
__end_of_itoa             text9        00037E
__end_of_main             text0        000402
__end_of_rx_char          text5        00047C
__end_of_setupTimer0      text2        00043C
__end_of_setupUART        text1        000454
__end_of_tx_char          text8        00046A
__end_of_utoa             text10       00016A
__initialization          cinit        0003AE
__mediumconst             mediumconst  000000
__pbssCOMRAM              bssCOMRAM    000001
__pcinit                  cinit        0003AE
__pcstackCOMRAM           cstackCOMRAM 000020
__pdataCOMRAM             dataCOMRAM   00003C
__pidataCOMRAM            idataCOMRAM  00047C
__pintcode                intcode      000008
__ptext0                  text0        0003DC
__ptext1                  text1        00043C
__ptext10                 text10       0000A8
__ptext11                 text11       0002D6
__ptext12                 text12       0001F4
__ptext13                 text13       000268
__ptext2                  text2        000422
__ptext3                  text3        000402
__ptext5                  text5        00046A
__ptext6                  text6        00037E
__ptext7                  text7        00016A
__ptext8                  text8        000454
__ptext9                  text9        00033A
__ramtop                  ramtop       000300
__size_of_ISR             (abs)        000000
__size_of_ReadSPI         (abs)        000000
__size_of_SPI_Init_Master (abs)        000000
__size_of_UARTM1          (abs)        000000
__size_of_UARTM2          (abs)        000000
__size_of___lwdiv         (abs)        000000
__size_of___lwmod         (abs)        000000
__size_of_itoa            (abs)        000000
__size_of_main            (abs)        000000
__size_of_rx_char         (abs)        000000
__size_of_setupTimer0     (abs)        000000
__size_of_setupUART       (abs)        000000
__size_of_tx_char         (abs)        000000
__size_of_utoa            (abs)        000000
__smallconst              smallconst   000000
_count                    bssCOMRAM    000009
_count2                   bssCOMRAM    000007
_digit                    bssCOMRAM    00000B
_itoa                     text9        00033A
_main                     text0        0003DC
_number                   dataCOMRAM   00003C
_rx_char                  text5        00046A
_setupTimer0              text2        000422
_setupUART                text1        00043C
_speedM1                  bssCOMRAM    000003
_speedM2                  bssCOMRAM    000001
_str                      bssCOMRAM    000005
_stringBuffer             bssCOMRAM    00000C
_tx_char                  text8        000454
_utoa                     text10       0000A8
btemp                     temp         00003E
end_of_initialization     cinit        0003D2
int$flags                 temp         00003E
intlevel0                 text         000000
intlevel1                 text         000000
intlevel2                 text         000000
intlevel3                 text         000000
isa$std                   (abs)        000001
isa$xinst                 (abs)        000000
itoa@base                 cstackCOMRAM 000034
itoa@buf                  cstackCOMRAM 000030
itoa@val                  cstackCOMRAM 000032
stackhi                   (abs)        0002FF
stacklo                   (abs)        000060
start                     init         0000A4
start_initialization      cinit        0003AE
ttemp5                    temp         00003F
ttemp6                    temp         000042
ttemp7                    temp         000046
tx_char@a                 cstackCOMRAM 000020
utoa@base                 cstackCOMRAM 00002B
utoa@buf                  cstackCOMRAM 000027
utoa@c                    cstackCOMRAM 00002F
utoa@v                    cstackCOMRAM 00002D
utoa@val                  cstackCOMRAM 000029
wtemp8                    temp         00003F


MODULE INFORMATION

Module		Function		Class		Link	Load	Size
masterMain.c
		_rx_char       		CODE           	046A	0000	18
		_ISR           		CODE           	0008	0000	156
		_tx_char       		CODE           	0454	0000	22
		_SPI_Init_Master		CODE           	0402	0000	32
		_UARTM1        		CODE           	016A	0000	138
		_main          		CODE           	03DC	0000	38
		_UARTM2        		CODE           	037E	0000	48
		_setupUART     		CODE           	043C	0000	24
		_ReadSPI       		CODE           	0268	0000	110
		_setupTimer0   		CODE           	0422	0000	26

masterMain.c estimated size: 612

C:\Program Files\Microchip\xc8\v2.32\pic\sources\c90\common\lwmod.c
		___lwmod       		CODE           	02D6	0000	100

C:\Program Files\Microchip\xc8\v2.32\pic\sources\c90\common\lwmod.c estimated size: 100

shared
		__initialization		CODE           	03AE	0000	36

shared estimated size: 36

C:\Program Files\Microchip\xc8\v2.32\pic\sources\c90\common\lwdiv.c
		___lwdiv       		CODE           	01F4	0000	116

C:\Program Files\Microchip\xc8\v2.32\pic\sources\c90\common\lwdiv.c estimated size: 116

C:\Program Files\Microchip\xc8\v2.32\pic\sources\c90\common\itoa.c
		_itoa          		CODE           	033A	0000	68
		_utoa          		CODE           	00A8	0000	194

C:\Program Files\Microchip\xc8\v2.32\pic\sources\c90\common\itoa.c estimated size: 262

