Microchip MPLAB XC8 Compiler V2.32

Linker command line:

-W-3 --edf=C:\Program Files\Microchip\xc8\v2.32\pic\dat\en_msgs.txt -cn \
  -h+dist/default/production\motor.X.production.sym \
  --cmf=dist/default/production\motor.X.production.cmf -z -Q18F4431 \
  -oC:\Users\david\AppData\Local\Temp\xcAs64vg.4 --defsym=__MPLAB_BUILD=1 \
  -Mdist/default/production/motor.X.production.map -E1 -ver=XC8 Compiler \
  --acfsm=1493 -ASTACK=096h-02FFh -pstack=STACK -ACODE=00h-03FFFh \
  -ACONST=00h-03FFFh -ASMALLCONST=0300h-03FFhx61 -AMEDIUMCONST=0300h-03FFFh \
  -ACOMRAM=01h-05Fh -AABS1=00h-02FFh -ABIGRAM=01h-02FFh \
  -ARAM=060h-0FFh,0100h-01FFhx2 -ABANK0=060h-0FFh -ABANK1=0100h-01FFh \
  -ABANK2=0200h-02FFh -ASFR=0F60h-0FFFh -ACONFIG=0300000h-030000Dh \
  -AIDLOC=0200000h-0200007h -AEEDATA=0F00000h-0F000FFh -peeprom_data=EEDATA \
  -preset_vec=00h,intcode=08h,intcodelo,powerup,init -pramtop=0300h \
  -psmallconst=SMALLCONST -pmediumconst=MEDIUMCONST -pconst=CONST \
  -AFARRAM=00h-00h \
  -prdata=COMRAM,nvrram=COMRAM,nvbit=COMRAM,rbss=COMRAM,rbit=COMRAM \
  -pfarbss=FARRAM,fardata=FARRAM,nvFARRAM=FARRAM \
  -pintsave_regs=BIGRAM,bigbss=BIGRAM,bigdata=BIGRAM -pbss=RAM \
  -pidata=CODE,irdata=CODE,ibigdata=CODE,ifardata=CODE -prparam=COMRAM \
  C:\Users\david\AppData\Local\Temp\xcAs64vg.o \
  dist/default/production\motor.X.production.o 

Object code version is 3.11

Machine type is 18F4431



                Name                               Link     Load   Length Selector   Space Scale
C:\Users\david\AppData\Local\Temp\xcAs64vg.o
                idloc                            200000   200000        8        0       5
                config                           300000   300000        E        0       4
                init                                3AA      3AA        4        4       0
                reset_vec                             0        0        4        0       0
dist/default/production\motor.X.production.o
                intcode                               8        8      3A2        4       0
                idloc                            200000   200000        8        0       5
                config                           300000   300000        E        0       4
                temp                                 5F       5F        1        1       1
                text14                             117C     117C       1A        4       0
                text13                              F52      F52      104        4       0
                text12                              86E      86E      42A        4       0
                text11                              3AE      3AE      4C0        4       0
                text10                             10B8     10B8       46        4       0
                text9                               E4C      E4C      106        4       0
                text8                               C98      C98      1B4        4       0
                text6                              1144     1144       1E        4       0
                text5                              11CE     11CE        C        4       0
                text4                              1196     1196       18        4       0
                text3                              1124     1124       20        4       0
                text2                              1162     1162       1A        4       0
                text1                              11AE     11AE       14        4       0
                text0                              10FE     10FE       26        4       0
                cstackCOMRAM                          1        1       3D        1       1
                dataBANK0                            8A       8A        C       60       1
                bssBANK0                             60       60       2A       60       1
                dataCOMRAM                           5B       5B        4        1       1
                bssCOMRAM                            3E       3E       1D        1       1
                cinit                              1056     1056       62        4       0
                idataBANK0                         11C2     11C2        C        4       0
                idataCOMRAM                        11DA     11DA        4        4       0

TOTAL           Name                               Link     Load   Length     Space
        CLASS   STACK          

        CLASS   CODE           
                intcode                               8        8      3A2         0
                init                                3AA      3AA        4         0
                reset_vec                             0        0        4         0
                text14                             117C     117C       1A         0
                text13                              F52      F52      104         0
                text12                              86E      86E      42A         0
                text11                              3AE      3AE      4C0         0
                text10                             10B8     10B8       46         0
                text9                               E4C      E4C      106         0
                text8                               C98      C98      1B4         0
                text6                              1144     1144       1E         0
                text5                              11CE     11CE        C         0
                text4                              1196     1196       18         0
                text3                              1124     1124       20         0
                text2                              1162     1162       1A         0
                text1                              11AE     11AE       14         0
                text0                              10FE     10FE       26         0
                cinit                              1056     1056       62         0
                idataBANK0                         11C2     11C2        C         0
                idataCOMRAM                        11DA     11DA        4         0

        CLASS   CONST          

        CLASS   SMALLCONST     

        CLASS   MEDIUMCONST    

        CLASS   COMRAM         
                temp                                 5F       5F        1         1
                cstackCOMRAM                          1        1       3D         1
                dataCOMRAM                           5B       5B        4         1
                bssCOMRAM                            3E       3E       1D         1

        CLASS   ABS1           

        CLASS   BIGRAM         

        CLASS   RAM            

        CLASS   BANK0          
                dataBANK0                            8A       8A        C         1
                bssBANK0                             60       60       2A         1

        CLASS   BANK1          

        CLASS   BANK2          

        CLASS   SFR            

        CLASS   CONFIG         
                config                           300000   300000        E         4

        CLASS   IDLOC          
                idloc                            200000   200000        8         5

        CLASS   EEDATA         

        CLASS   FARRAM         



SEGMENTS        Name                           Load    Length   Top    Selector   Space  Class

                reset_vec                      000000  000004  000004         0       0  CODE    
                cstackCOMRAM                   000001  00005F  000060         1       1  COMRAM  
                intcode                        000008  0011D6  0011DE         4       0  CODE    
                bssBANK0                       000060  000036  000096        60       1  BANK0   


UNUSED ADDRESS RANGES

        Name                Unused          Largest block    Delta
        BANK0            000096-0000FF               6A
        BANK1            000100-0001FF              100
        BANK2            000200-0002FF              100
        BIGRAM           000096-0002FF              26A
        CODE             000004-000007                4
                         0011DE-003FFF             2E22
        CONST            000004-000007                4
                         0011DE-003FFF             2E22
        EEDATA           F00000-F000FF              100
        MEDIUMCONST      0011DE-003FFF             2E22
        RAM              000096-0002FF              100
        SFR              000F60-000FFF               A0
        SMALLCONST       0011DE-003FFF              100
        STACK            000096-0002FF              26A

                                  Symbol Table

?___fladd                cstackCOMRAM 00001A
?___flmul                cstackCOMRAM 000001
?___flsub                cstackCOMRAM 00002A
?___fltol                cstackCOMRAM 00001A
?___xxtofl               cstackCOMRAM 000001
_ADCON0                  (abs)        000FC2
_ADCON1                  (abs)        000FC1
_CAP3BUFH                (abs)        000F65
_CAP3BUFL                (abs)        000F64
_CCP1CONbits             (abs)        000FBD
_CS                      (abs)        007C22
_DFLTCONbits             (abs)        000F60
_IC2QEIE                 (abs)        007D1A
_IC2QEIF                 (abs)        007D22
_INTCONbits              (abs)        000FF2
_ISR                     intcode      000008
_ISR$1676                cstackCOMRAM 000036
_ISR$1677                cstackCOMRAM 00003A
_Kd                      bssBANK0     00007E
_Ki                      dataBANK0    00008E
_Kp                      dataBANK0    000092
_PIE1bits                (abs)        000F9D
_PIE3bits                (abs)        000FA3
_PIR1bits                (abs)        000F9E
_PORTB                   (abs)        000F81
_PORTCbits               (abs)        000F82
_PORTD                   (abs)        000F83
_PR2                     (abs)        000FCB
_QEICONbits              (abs)        000FB6
_RCIF                    (abs)        007CF5
_RCREG                   (abs)        000FAE
_RCSTAbits               (abs)        000FAB
_RPM_CONSTANT_QEI        dataBANK0    00008A
_ReadSPI                 text14       00117C
_SPBRG                   (abs)        000FAF
_SPI_Init_Slave          text6        001144
_SSPBUF                  (abs)        000FC9
_SSPCON1                 (abs)        000FC6
_SSPCON1bits             (abs)        000FC6
_SSPSTAT                 (abs)        000FC7
_T0CONbits               (abs)        000FD5
_T2CON                   (abs)        000FCA
_T2CONbits               (abs)        000FCA
_T5CONbits               (abs)        000FB7
_TMR0                    (abs)        000FD6
_TMR5                    (abs)        000F87
_TRISB                   (abs)        000F93
_TRISCbits               (abs)        000F94
_TRISD                   (abs)        000F95
_TRISDbits               (abs)        000F95
_TRMT                    (abs)        007D61
_TXREG                   (abs)        000FAD
_TXSTAbits               (abs)        000FAC
__HRAM                   (abs)        000000
__Habs1                  abs1         000000
__Hbank0                 bank0        000000
__Hbank1                 bank1        000000
__Hbank2                 bank2        000000
__Hbigbss                bigbss       000000
__Hbigdata               bigdata      000000
__Hbigram                bigram       000000
__Hbss                   bss          000000
__HbssBANK0              bssBANK0     000000
__HbssCOMRAM             bssCOMRAM    000000
__Hcinit                 cinit        000000
__Hclrtext               clrtext      000000
__Hcomram                comram       000000
__Hconfig                config       30000E
__Hconst                 const        000000
__HcstackBANK0           cstackBANK0  000000
__HcstackCOMRAM          cstackCOMRAM 000000
__Hdata                  data         000000
__HdataBANK0             dataBANK0    000000
__HdataCOMRAM            dataCOMRAM   000000
__Heeprom_data           eeprom_data  000000
__Hfarbss                farbss       000000
__Hfardata               fardata      000000
__Hibigdata              ibigdata     000000
__Hidata                 idata        000000
__HidataBANK0            idataBANK0   000000
__HidataCOMRAM           idataCOMRAM  000000
__Hidloc                 idloc        200008
__Hifardata              ifardata     000000
__Hinit                  init         0003AE
__Hintcode               intcode      0003AA
__Hintcode_body          intcode_body 000000
__Hintcodelo             intcodelo    0003AA
__Hintentry              intentry     000000
__Hintret                intret       000000
__Hintsave_regs          intsave_regs 000000
__Hirdata                irdata       000000
__Hmediumconst           mediumconst  000000
__HnvFARRAM              nvFARRAM     000000
__Hnvbit                 nvbit        000000
__Hnvrram                nvrram       000000
__Hparam                 rparam       000000
__Hpowerup               powerup      0003AA
__Hram                   ram          000000
__Hramtop                ramtop       000300
__Hrbit                  rbit         000000
__Hrbss                  rbss         000000
__Hrdata                 rdata        000000
__Hreset_vec             reset_vec    000004
__Hrparam                rparam       000000
__Hsfr                   sfr          000000
__Hsmallconst            smallconst   000000
__Hspace_0               (abs)        0011DE
__Hspace_1               (abs)        000096
__Hspace_2               (abs)        000000
__Hspace_4               (abs)        60000E
__Hstack                 stack        000000
__Hstruct                struct       000000
__Htemp                  temp         000060
__Htext                  text         000000
__Htext0                 text0        000000
__Htext1                 text1        000000
__Htext10                text10       000000
__Htext11                text11       000000
__Htext12                text12       000000
__Htext13                text13       000000
__Htext14                text14       000000
__Htext2                 text2        000000
__Htext3                 text3        000000
__Htext4                 text4        000000
__Htext5                 text5        000000
__Htext6                 text6        000000
__Htext8                 text8        000000
__Htext9                 text9        000000
__LRAM                   (abs)        000001
__Labs1                  abs1         000000
__Lbank0                 bank0        000000
__Lbank1                 bank1        000000
__Lbank2                 bank2        000000
__Lbigbss                bigbss       000000
__Lbigdata               bigdata      000000
__Lbigram                bigram       000000
__Lbss                   bss          000000
__LbssBANK0              bssBANK0     000000
__LbssCOMRAM             bssCOMRAM    000000
__Lcinit                 cinit        000000
__Lclrtext               clrtext      000000
__Lcomram                comram       000000
__Lconfig                config       000000
__Lconst                 const        000000
__LcstackBANK0           cstackBANK0  000000
__LcstackCOMRAM          cstackCOMRAM 000000
__Ldata                  data         000000
__LdataBANK0             dataBANK0    000000
__LdataCOMRAM            dataCOMRAM   000000
__Leeprom_data           eeprom_data  000000
__Lfarbss                farbss       000000
__Lfardata               fardata      000000
__Libigdata              ibigdata     000000
__Lidata                 idata        000000
__LidataBANK0            idataBANK0   000000
__LidataCOMRAM           idataCOMRAM  000000
__Lidloc                 idloc        000000
__Lifardata              ifardata     000000
__Linit                  init         0003AA
__Lintcode               intcode      000008
__Lintcode_body          intcode_body 000000
__Lintcodelo             intcodelo    0003AA
__Lintentry              intentry     000000
__Lintret                intret       000000
__Lintsave_regs          intsave_regs 000000
__Lirdata                irdata       000000
__Lmediumconst           mediumconst  000000
__LnvFARRAM              nvFARRAM     000000
__Lnvbit                 nvbit        000000
__Lnvrram                nvrram       000000
__Lparam                 rparam       000000
__Lpowerup               powerup      0003AA
__Lram                   ram          000000
__Lramtop                ramtop       000300
__Lrbit                  rbit         000000
__Lrbss                  rbss         000000
__Lrdata                 rdata        000000
__Lreset_vec             reset_vec    000000
__Lrparam                rparam       000000
__Lsfr                   sfr          000000
__Lsmallconst            smallconst   000000
__Lspace_0               (abs)        000000
__Lspace_1               (abs)        000000
__Lspace_2               (abs)        000000
__Lspace_4               (abs)        000000
__Lstack                 stack        000000
__Lstruct                struct       000000
__Ltemp                  temp         00005F
__Ltext                  text         000000
__Ltext0                 text0        000000
__Ltext1                 text1        000000
__Ltext10                text10       000000
__Ltext11                text11       000000
__Ltext12                text12       000000
__Ltext13                text13       000000
__Ltext14                text14       000000
__Ltext2                 text2        000000
__Ltext3                 text3        000000
__Ltext4                 text4        000000
__Ltext5                 text5        000000
__Ltext6                 text6        000000
__Ltext8                 text8        000000
__Ltext9                 text9        000000
__S0                     (abs)        0011DE
__S1                     (abs)        000096
__S2                     (abs)        000000
__S4                     (abs)        000000
__S5                     (abs)        000000
___fladd                 text11       0003AE
___fladd@a               cstackCOMRAM 00001E
___fladd@aexp            cstackCOMRAM 000027
___fladd@b               cstackCOMRAM 00001A
___fladd@bexp            cstackCOMRAM 000028
___fladd@grs             cstackCOMRAM 000029
___fladd@signs           cstackCOMRAM 000026
___flge                  text13       000F52
___flge@ff1              cstackCOMRAM 000001
___flge@ff2              cstackCOMRAM 000005
___flmul                 text12       00086E
___flmul@a               cstackCOMRAM 000005
___flmul@aexp            cstackCOMRAM 000012
___flmul@b               cstackCOMRAM 000001
___flmul@bexp            cstackCOMRAM 000013
___flmul@grs             cstackCOMRAM 00000E
___flmul@prod            cstackCOMRAM 000014
___flmul@sign            cstackCOMRAM 00000D
___flmul@temp            cstackCOMRAM 000018
___flsub                 text10       0010B8
___flsub@a               cstackCOMRAM 00002E
___flsub@b               cstackCOMRAM 00002A
___fltol                 text9        000E4C
___fltol@exp1            cstackCOMRAM 000023
___fltol@f1              cstackCOMRAM 00001A
___fltol@sign1           cstackCOMRAM 000022
___inthi_sp              stack        000000
___intlo_sp              stack        000000
___param_bank            (abs)        000000
___rparam_used           (abs)        000001
___sp                    stack        000000
___xxtofl                text8        000C98
___xxtofl@arg            cstackCOMRAM 00000B
___xxtofl@exp            cstackCOMRAM 00000A
___xxtofl@sign           cstackCOMRAM 000009
___xxtofl@val            cstackCOMRAM 000001
__accesstop              (abs)        000060
__activetblptr           (abs)        000000
__end_of_ISR             intcode      0003AA
__end_of_ReadSPI         text14       001196
__end_of_SPI_Init_Slave  text6        001162
__end_of___fladd         text11       00086E
__end_of___flge          text13       001056
__end_of___flmul         text12       000C98
__end_of___flsub         text10       0010FE
__end_of___fltol         text9        000F52
__end_of___xxtofl        text8        000E4C
__end_of__initialization cinit        0010AE
__end_of_main            text0        001124
__end_of_setupPWM        text4        0011AE
__end_of_setupQEI        text3        001144
__end_of_setupTimer0     text2        00117C
__end_of_setupTimer2     text5        0011DA
__end_of_setupTimer5     text1        0011C2
__initialization         cinit        001056
__mediumconst            mediumconst  000000
__pbssBANK0              bssBANK0     000060
__pbssCOMRAM             bssCOMRAM    00003E
__pcinit                 cinit        001056
__pcstackBANK0           cstackBANK0  000000
__pcstackCOMRAM          cstackCOMRAM 000001
__pdataBANK0             dataBANK0    00008A
__pdataCOMRAM            dataCOMRAM   00005B
__pidataBANK0            idataBANK0   0011C2
__pidataCOMRAM           idataCOMRAM  0011DA
__pintcode               intcode      000008
__ptext0                 text0        0010FE
__ptext1                 text1        0011AE
__ptext10                text10       0010B8
__ptext11                text11       0003AE
__ptext12                text12       00086E
__ptext13                text13       000F52
__ptext14                text14       00117C
__ptext2                 text2        001162
__ptext3                 text3        001124
__ptext4                 text4        001196
__ptext5                 text5        0011CE
__ptext6                 text6        001144
__ptext8                 text8        000C98
__ptext9                 text9        000E4C
__ramtop                 ramtop       000300
__size_of_ISR            (abs)        000000
__size_of_ReadSPI        (abs)        000000
__size_of_SPI_Init_Slave (abs)        000000
__size_of___fladd        (abs)        000000
__size_of___flge         (abs)        000000
__size_of___flmul        (abs)        000000
__size_of___flsub        (abs)        000000
__size_of___fltol        (abs)        000000
__size_of___xxtofl       (abs)        000000
__size_of_main           (abs)        000000
__size_of_setupPWM       (abs)        000000
__size_of_setupQEI       (abs)        000000
__size_of_setupTimer0    (abs)        000000
__size_of_setupTimer2    (abs)        000000
__size_of_setupTimer5    (abs)        000000
__smallconst             smallconst   000000
_a                       bssBANK0     000086
_b                       bssBANK0     000082
_bufferRef               bssCOMRAM    000058
_count                   bssCOMRAM    000056
_count2                  bssCOMRAM    000054
_digit                   bssCOMRAM    00005A
_duty                    bssCOMRAM    000046
_err                     bssCOMRAM    000042
_firstTime               dataCOMRAM   00005E
_ind                     bssCOMRAM    000059
_main                    text0        0010FE
_number                  dataCOMRAM   00005B
_pre_err                 bssBANK0     00007A
_setupPWM                text4        001196
_setupQEI                text3        001124
_setupTimer0             text2        001162
_setupTimer2             text5        0011CE
_setupTimer5             text1        0011AE
_speed                   bssCOMRAM    00004A
_speedPID                bssCOMRAM    000050
_speedRef                dataCOMRAM   00005D
_speedVal                bssBANK0     000074
_str                     bssCOMRAM    000052
_stringBuffer            bssBANK0     000060
_sum_err                 bssCOMRAM    00003E
_u                       bssCOMRAM    00004E
btemp                    temp         00005F
end_of_initialization    cinit        0010AE
int$flags                temp         00005F
intlevel0                text         000000
intlevel1                text         000000
intlevel2                text         000000
intlevel3                text         000000
isa$std                  (abs)        000001
isa$xinst                (abs)        000000
stackhi                  (abs)        0002FF
stacklo                  (abs)        000096
start                    init         0003AA
start_initialization     cinit        001056
ttemp5                   temp         000060
ttemp6                   temp         000063
ttemp7                   temp         000067
wtemp8                   temp         000060


MODULE INFORMATION

Module		Function		Class		Link	Load	Size
C:\Program Files\Microchip\xc8\v2.32\pic\sources\c90\common\sprcadd.c
		___flsub       		CODE           	10B8	0000	70
		___fladd       		CODE           	03AE	0000	1216

C:\Program Files\Microchip\xc8\v2.32\pic\sources\c90\common\sprcadd.c estimated size: 1286

C:\Program Files\Microchip\xc8\v2.32\pic\sources\c90\common\flge.c
		___flge        		CODE           	0F52	0000	260

C:\Program Files\Microchip\xc8\v2.32\pic\sources\c90\common\flge.c estimated size: 260

C:\Program Files\Microchip\xc8\v2.32\pic\sources\c90\common\xxtofl.c
		___xxtofl      		CODE           	0C98	0000	436

C:\Program Files\Microchip\xc8\v2.32\pic\sources\c90\common\xxtofl.c estimated size: 436

shared
		__initialization		CODE           	1056	0000	88

shared estimated size: 88

C:\Program Files\Microchip\xc8\v2.32\pic\sources\c90\common\sprcmul.c
		___flmul       		CODE           	086E	0000	1066

C:\Program Files\Microchip\xc8\v2.32\pic\sources\c90\common\sprcmul.c estimated size: 1066

C:\Program Files\Microchip\xc8\v2.32\pic\sources\c90\common\fltol.c
		___fltol       		CODE           	0E4C	0000	262

C:\Program Files\Microchip\xc8\v2.32\pic\sources\c90\common\fltol.c estimated size: 262

motorMain.c
		_setupQEI      		CODE           	1124	0000	32
		_ISR           		CODE           	0008	0000	930
		_setupPWM      		CODE           	1196	0000	24
		_main          		CODE           	10FE	0000	38
		_SPI_Init_Slave		CODE           	1144	0000	30
		_ReadSPI       		CODE           	117C	0000	26
		_setupTimer0   		CODE           	1162	0000	26
		_setupTimer2   		CODE           	11CE	0000	12
		_setupTimer5   		CODE           	11AE	0000	20

motorMain.c estimated size: 1138

