Microchip MPLAB XC8 Compiler V2.32

Linker command line:

-W-3 --edf=C:\Program Files\Microchip\xc8\v2.32\pic\dat\en_msgs.txt -cn \
  -h+dist/default/production\masterMain.X.production.sym \
  --cmf=dist/default/production\masterMain.X.production.cmf -z -Q18F4431 \
  -oC:\Users\david\AppData\Local\Temp\xcAs30kg.4 --defsym=__MPLAB_BUILD=1 \
  -Mdist/default/production/masterMain.X.production.map -E1 \
  -ver=XC8 Compiler --acfsm=1493 -ASTACK=0B1h-02FFh -pstack=STACK \
  -ACODE=00h-03FFFh -ACONST=00h-03FFFh -ASMALLCONST=0300h-03FFhx61 \
  -AMEDIUMCONST=0300h-03FFFh -ACOMRAM=01h-05Fh -AABS1=00h-02FFh \
  -ABIGRAM=01h-02FFh -ARAM=060h-0FFh,0100h-01FFhx2 -ABANK0=060h-0FFh \
  -ABANK1=0100h-01FFh -ABANK2=0200h-02FFh -ASFR=0F60h-0FFFh \
  -ACONFIG=0300000h-030000Dh -AIDLOC=0200000h-0200007h \
  -AEEDATA=0F00000h-0F000FFh -peeprom_data=EEDATA \
  -preset_vec=00h,intcode=08h,intcodelo,powerup,init -pramtop=0300h \
  -psmallconst=SMALLCONST -pmediumconst=MEDIUMCONST -pconst=CONST \
  -AFARRAM=00h-00h \
  -prdata=COMRAM,nvrram=COMRAM,nvbit=COMRAM,rbss=COMRAM,rbit=COMRAM \
  -pfarbss=FARRAM,fardata=FARRAM,nvFARRAM=FARRAM \
  -pintsave_regs=BIGRAM,bigbss=BIGRAM,bigdata=BIGRAM -pbss=RAM \
  -pidata=CODE,irdata=CODE,ibigdata=CODE,ifardata=CODE -prparam=COMRAM \
  C:\Users\david\AppData\Local\Temp\xcAs30kg.o \
  dist/default/production\masterMain.X.production.o 

Object code version is 3.11

Machine type is 18F4431



                Name                               Link     Load   Length Selector   Space Scale
C:\Users\david\AppData\Local\Temp\xcAs30kg.o
                idloc                            200000   200000        8        0       5
                config                           300000   300000        E        0       4
                init                                590      590        4        4       0
                reset_vec                             0        0        4        0       0
dist/default/production\masterMain.X.production.o
                intcode                               8        8      588        4       0
                idloc                            200000   200000        8        0       5
                config                           300000   300000        E        0       4
                temp                                 5F       5F        1        1       1
                text14                             15D8     15D8       7A        4       0
                text13                              E7E      E7E      39A        4       0
                text12                             14D4     14D4      104        4       0
                text11                              A54      A54      42A        4       0
                text10                             1698     1698       38        4       0
                text9                               594      594      4C0        4       0
                text8                              1652     1652       46        4       0
                text7                              13CC     13CC      108        4       0
                text6                              1218     1218      1B4        4       0
                text5                              17AE     17AE       12      BAE       0
                text3                              175C     175C       20      BAE       0
                text2                              177C     177C       1A      BAE       0
                text1                              1796     1796       18      BAE       0
                text0                              1706     1706       34        4       0
                cstackCOMRAM                          1        1       5E        1       1
                cstackBANK0                          A1       A1       10       60       1
                dataBANK0                            60       60       21       60       1
                bssBANK0                             81       81       20       60       1
                cinit                              16D0     16D0       36        4       0
                idataBANK0                         173A     173A       21        4       0

TOTAL           Name                               Link     Load   Length     Space
        CLASS   STACK          

        CLASS   CODE           
                intcode                               8        8      588         0
                init                                590      590        4         0
                reset_vec                             0        0        4         0
                text14                             15D8     15D8       7A         0
                text13                              E7E      E7E      39A         0
                text12                             14D4     14D4      104         0
                text11                              A54      A54      42A         0
                text10                             1698     1698       38         0
                text9                               594      594      4C0         0
                text8                              1652     1652       46         0
                text7                              13CC     13CC      108         0
                text6                              1218     1218      1B4         0
                text5                              17AE     17AE       12         0
                text3                              175C     175C       20         0
                text2                              177C     177C       1A         0
                text1                              1796     1796       18         0
                text0                              1706     1706       34         0
                cinit                              16D0     16D0       36         0
                idataBANK0                         173A     173A       21         0

        CLASS   CONST          

        CLASS   SMALLCONST     

        CLASS   MEDIUMCONST    

        CLASS   COMRAM         
                temp                                 5F       5F        1         1
                cstackCOMRAM                          1        1       5E         1

        CLASS   ABS1           

        CLASS   BIGRAM         

        CLASS   RAM            

        CLASS   BANK0          
                cstackBANK0                          A1       A1       10         1
                dataBANK0                            60       60       21         1
                bssBANK0                             81       81       20         1

        CLASS   BANK1          

        CLASS   BANK2          

        CLASS   SFR            

        CLASS   CONFIG         
                config                           300000   300000        E         4

        CLASS   IDLOC          
                idloc                            200000   200000        8         5

        CLASS   EEDATA         

        CLASS   FARRAM         



SEGMENTS        Name                           Load    Length   Top    Selector   Space  Class

                reset_vec                      000000  000004  000004         0       0  CODE    
                cstackCOMRAM                   000001  00005F  000060         1       1  COMRAM  
                intcode                        000008  001753  00175B         4       0  CODE    
                dataBANK0                      000060  000051  0000B1        60       1  BANK0   
                text3                          00175C  000064  0017C0       BAE       0  CODE    


UNUSED ADDRESS RANGES

        Name                Unused          Largest block    Delta
        BANK0            0000B1-0000FF               4F
        BANK1            000100-0001FF              100
        BANK2            000200-0002FF              100
        BIGRAM           0000B1-0002FF              24F
        CODE             000004-000007                4
                         00175B-00175B                1
                         0017C0-003FFF             2840
        CONST            000004-000007                4
                         00175B-00175B                1
                         0017C0-003FFF             2840
        EEDATA           F00000-F000FF              100
        MEDIUMCONST      00175B-00175B                1
                         0017C0-003FFF             2840
        RAM              0000B1-0002FF              100
        SFR              000F60-000FFF               A0
        SMALLCONST       00175B-00175B                1
                         0017C0-003FFF              100
        STACK            0000B1-0002FF              24F

                                  Symbol Table

?___fladd                 cstackCOMRAM 000041
?___fldiv                 cstackCOMRAM 000028
?___flmul                 cstackCOMRAM 00000F
?___flneg                 cstackCOMRAM 000001
?___flsub                 cstackCOMRAM 000051
?___fltol                 cstackCOMRAM 000059
?___xxtofl                cstackCOMRAM 000001
WriteSPI@a                cstackCOMRAM 000001
WriteSPI@data_out         cstackCOMRAM 000002
_ADCON0                   (abs)        000FC2
_ADCON1                   (abs)        000FC1
_CS                       (abs)        007C22
_INTCONbits               (abs)        000FF2
_IPR1bits                 (abs)        000F9F
_ISR                      intcode      000008
_ISR$1457                 cstackBANK0  0000A9
_ISR$1458                 cstackBANK0  0000AD
_Kd                       bssBANK0     000081
_Kg                       dataBANK0    00006C
_Ki                       bssBANK0     000085
_Kp                       dataBANK0    000070
_PIE1bits                 (abs)        000F9D
_PIR1bits                 (abs)        000F9E
_PORTCbits                (abs)        000F82
_PORTDbits                (abs)        000F83
_RCIF                     (abs)        007CF5
_RCREG                    (abs)        000FAE
_RCSTAbits                (abs)        000FAB
_SPBRG                    (abs)        000FAF
_SPI_Init_Master          text3        00175C
_SSPBUF                   (abs)        000FC9
_SSPCON1                  (abs)        000FC6
_SSPCON1bits              (abs)        000FC6
_SSPSTAT                  (abs)        000FC7
_T0CONbits                (abs)        000FD5
_T1CONbits                (abs)        000FCD
_TMR0                     (abs)        000FD6
_TMR1                     (abs)        000FCE
_TRISCbits                (abs)        000F94
_TRISDbits                (abs)        000F95
_TRMT                     (abs)        007D61
_TXREG                    (abs)        000FAD
_TXSTAbits                (abs)        000FAC
_WriteSPI                 text14       0015D8
__HRAM                    (abs)        000000
__Habs1                   abs1         000000
__Hbank0                  bank0        000000
__Hbank1                  bank1        000000
__Hbank2                  bank2        000000
__Hbigbss                 bigbss       000000
__Hbigdata                bigdata      000000
__Hbigram                 bigram       000000
__Hbss                    bss          000000
__HbssBANK0               bssBANK0     000000
__Hcinit                  cinit        000000
__Hclrtext                clrtext      000000
__Hcomram                 comram       000000
__Hconfig                 config       30000E
__Hconst                  const        000000
__HcstackBANK0            cstackBANK0  000000
__HcstackCOMRAM           cstackCOMRAM 000000
__Hdata                   data         000000
__HdataBANK0              dataBANK0    000000
__Heeprom_data            eeprom_data  000000
__Hfarbss                 farbss       000000
__Hfardata                fardata      000000
__Hibigdata               ibigdata     000000
__Hidata                  idata        000000
__HidataBANK0             idataBANK0   000000
__Hidloc                  idloc        200008
__Hifardata               ifardata     000000
__Hinit                   init         000594
__Hintcode                intcode      000590
__Hintcode_body           intcode_body 000000
__Hintcodelo              intcodelo    000590
__Hintentry               intentry     000000
__Hintret                 intret       000000
__Hintsave_regs           intsave_regs 000000
__Hirdata                 irdata       000000
__Hmediumconst            mediumconst  000000
__HnvFARRAM               nvFARRAM     000000
__Hnvbit                  nvbit        000000
__Hnvrram                 nvrram       000000
__Hparam                  rparam       000000
__Hpowerup                powerup      000590
__Hram                    ram          000000
__Hramtop                 ramtop       000300
__Hrbit                   rbit         000000
__Hrbss                   rbss         000000
__Hrdata                  rdata        000000
__Hreset_vec              reset_vec    000004
__Hrparam                 rparam       000000
__Hsfr                    sfr          000000
__Hsmallconst             smallconst   000000
__Hspace_0                (abs)        0017C0
__Hspace_1                (abs)        0000B1
__Hspace_2                (abs)        000000
__Hspace_4                (abs)        60000E
__Hstack                  stack        000000
__Hstruct                 struct       000000
__Htemp                   temp         000060
__Htext                   text         000000
__Htext0                  text0        000000
__Htext1                  text1        000000
__Htext10                 text10       000000
__Htext11                 text11       000000
__Htext12                 text12       000000
__Htext13                 text13       000000
__Htext14                 text14       000000
__Htext2                  text2        000000
__Htext3                  text3        000000
__Htext5                  text5        000000
__Htext6                  text6        000000
__Htext7                  text7        000000
__Htext8                  text8        000000
__Htext9                  text9        000000
__LRAM                    (abs)        000001
__Labs1                   abs1         000000
__Lbank0                  bank0        000000
__Lbank1                  bank1        000000
__Lbank2                  bank2        000000
__Lbigbss                 bigbss       000000
__Lbigdata                bigdata      000000
__Lbigram                 bigram       000000
__Lbss                    bss          000000
__LbssBANK0               bssBANK0     000000
__Lcinit                  cinit        000000
__Lclrtext                clrtext      000000
__Lcomram                 comram       000000
__Lconfig                 config       000000
__Lconst                  const        000000
__LcstackBANK0            cstackBANK0  000000
__LcstackCOMRAM           cstackCOMRAM 000000
__Ldata                   data         000000
__LdataBANK0              dataBANK0    000000
__Leeprom_data            eeprom_data  000000
__Lfarbss                 farbss       000000
__Lfardata                fardata      000000
__Libigdata               ibigdata     000000
__Lidata                  idata        000000
__LidataBANK0             idataBANK0   000000
__Lidloc                  idloc        000000
__Lifardata               ifardata     000000
__Linit                   init         000590
__Lintcode                intcode      000008
__Lintcode_body           intcode_body 000000
__Lintcodelo              intcodelo    000590
__Lintentry               intentry     000000
__Lintret                 intret       000000
__Lintsave_regs           intsave_regs 000000
__Lirdata                 irdata       000000
__Lmediumconst            mediumconst  000000
__LnvFARRAM               nvFARRAM     000000
__Lnvbit                  nvbit        000000
__Lnvrram                 nvrram       000000
__Lparam                  rparam       000000
__Lpowerup                powerup      000590
__Lram                    ram          000000
__Lramtop                 ramtop       000300
__Lrbit                   rbit         000000
__Lrbss                   rbss         000000
__Lrdata                  rdata        000000
__Lreset_vec              reset_vec    000000
__Lrparam                 rparam       000000
__Lsfr                    sfr          000000
__Lsmallconst             smallconst   000000
__Lspace_0                (abs)        000000
__Lspace_1                (abs)        000000
__Lspace_2                (abs)        000000
__Lspace_4                (abs)        000000
__Lstack                  stack        000000
__Lstruct                 struct       000000
__Ltemp                   temp         00005F
__Ltext                   text         000000
__Ltext0                  text0        000000
__Ltext1                  text1        000000
__Ltext10                 text10       000000
__Ltext11                 text11       000000
__Ltext12                 text12       000000
__Ltext13                 text13       000000
__Ltext14                 text14       000000
__Ltext2                  text2        000000
__Ltext3                  text3        000000
__Ltext5                  text5        000000
__Ltext6                  text6        000000
__Ltext7                  text7        000000
__Ltext8                  text8        000000
__Ltext9                  text9        000000
__S0                      (abs)        0017C0
__S1                      (abs)        0000B1
__S2                      (abs)        000000
__S4                      (abs)        000000
__S5                      (abs)        000000
___fladd                  text9        000594
___fladd@a                cstackCOMRAM 000045
___fladd@aexp             cstackCOMRAM 00004E
___fladd@b                cstackCOMRAM 000041
___fladd@bexp             cstackCOMRAM 00004F
___fladd@grs              cstackCOMRAM 000050
___fladd@signs            cstackCOMRAM 00004D
___fldiv                  text13       000E7E
___fldiv@a                cstackCOMRAM 00002C
___fldiv@aexp             cstackCOMRAM 000040
___fldiv@b                cstackCOMRAM 000028
___fldiv@bexp             cstackCOMRAM 00003F
___fldiv@grs              cstackCOMRAM 00003B
___fldiv@new_exp          cstackCOMRAM 000039
___fldiv@rem              cstackCOMRAM 000034
___fldiv@sign             cstackCOMRAM 000038
___flge                   text12       0014D4
___flge@ff1               cstackCOMRAM 000005
___flge@ff2               cstackCOMRAM 000009
___flmul                  text11       000A54
___flmul@a                cstackCOMRAM 000013
___flmul@aexp             cstackCOMRAM 000020
___flmul@b                cstackCOMRAM 00000F
___flmul@bexp             cstackCOMRAM 000021
___flmul@grs              cstackCOMRAM 00001C
___flmul@prod             cstackCOMRAM 000022
___flmul@sign             cstackCOMRAM 00001B
___flmul@temp             cstackCOMRAM 000026
___flneg                  text10       001698
___flneg@f1               cstackCOMRAM 000001
___flsub                  text8        001652
___flsub@a                cstackCOMRAM 000055
___flsub@b                cstackCOMRAM 000051
___fltol                  text7        0013CC
___fltol@exp1             cstackCOMRAM 00005E
___fltol@f1               cstackCOMRAM 000059
___fltol@sign1            cstackCOMRAM 00005D
___inthi_sp               stack        000000
___intlo_sp               stack        000000
___param_bank             (abs)        000000
___rparam_used            (abs)        000001
___sp                     stack        000000
___xxtofl                 text6        001218
___xxtofl@arg             cstackCOMRAM 00000B
___xxtofl@exp             cstackCOMRAM 00000A
___xxtofl@sign            cstackCOMRAM 000009
___xxtofl@val             cstackCOMRAM 000001
__accesstop               (abs)        000060
__activetblptr            (abs)        000000
__end_of_ISR              intcode      000590
__end_of_SPI_Init_Master  text3        00177C
__end_of_WriteSPI         text14       001652
__end_of___fladd          text9        000A54
__end_of___fldiv          text13       001218
__end_of___flge           text12       0015D8
__end_of___flmul          text11       000E7E
__end_of___flneg          text10       0016D0
__end_of___flsub          text8        001698
__end_of___fltol          text7        0014D4
__end_of___xxtofl         text6        0013CC
__end_of__initialization  cinit        0016FC
__end_of_main             text0        00173A
__end_of_rx_char          text5        0017C0
__end_of_setupTimer0      text2        001796
__end_of_setupUART        text1        0017AE
__initialization          cinit        0016D0
__mediumconst             mediumconst  000000
__pbssBANK0               bssBANK0     000081
__pcinit                  cinit        0016D0
__pcstackBANK0            cstackBANK0  0000A1
__pcstackCOMRAM           cstackCOMRAM 000001
__pdataBANK0              dataBANK0    000060
__pidataBANK0             idataBANK0   00173A
__pintcode                intcode      000008
__ptext0                  text0        001706
__ptext1                  text1        001796
__ptext10                 text10       001698
__ptext11                 text11       000A54
__ptext12                 text12       0014D4
__ptext13                 text13       000E7E
__ptext14                 text14       0015D8
__ptext2                  text2        00177C
__ptext3                  text3        00175C
__ptext5                  text5        0017AE
__ptext6                  text6        001218
__ptext7                  text7        0013CC
__ptext8                  text8        001652
__ptext9                  text9        000594
__ramtop                  ramtop       000300
__size_of_ISR             (abs)        000000
__size_of_SPI_Init_Master (abs)        000000
__size_of_WriteSPI        (abs)        000000
__size_of___fladd         (abs)        000000
__size_of___fldiv         (abs)        000000
__size_of___flge          (abs)        000000
__size_of___flmul         (abs)        000000
__size_of___flneg         (abs)        000000
__size_of___flsub         (abs)        000000
__size_of___fltol         (abs)        000000
__size_of___xxtofl        (abs)        000000
__size_of_main            (abs)        000000
__size_of_rx_char         (abs)        000000
__size_of_setupTimer0     (abs)        000000
__size_of_setupUART       (abs)        000000
__smallconst              smallconst   000000
_angleErr2                bssBANK0     000089
_b                        dataBANK0    000074
_c                        dataBANK0    000080
_count                    bssBANK0     00009D
_err2                     bssBANK0     000099
_integral                 bssBANK0     000095
_integral_max             dataBANK0    000068
_main                     text0        001706
_omega                    bssBANK0     00009F
_omega_max                dataBANK0    000064
_omega_ref                bssBANK0     00008D
_preError                 bssBANK0     000091
_r                        dataBANK0    000078
_rx_char                  text5        0017AE
_setupTimer0              text2        00177C
_setupUART                text1        001796
_speedRef1                dataBANK0    00007E
_speedRef2                dataBANK0    00007C
_v_ref                    dataBANK0    000060
_vel                      bssBANK0     0000A0
btemp                     temp         00005F
end_of_initialization     cinit        0016FC
int$flags                 temp         00005F
intlevel0                 text         000000
intlevel1                 text         000000
intlevel2                 text         000000
intlevel3                 text         000000
isa$std                   (abs)        000001
isa$xinst                 (abs)        000000
stackhi                   (abs)        0002FF
stacklo                   (abs)        0000B1
start                     init         000590
start_initialization      cinit        0016D0
ttemp5                    temp         000060
ttemp6                    temp         000063
ttemp7                    temp         000067
wtemp8                    temp         000060


MODULE INFORMATION

Module		Function		Class		Link	Load	Size
C:\Program Files\Microchip\xc8\v2.32\pic\sources\c90\common\sprcadd.c
		___flsub       		CODE           	1652	0000	70
		___fladd       		CODE           	0594	0000	1216

C:\Program Files\Microchip\xc8\v2.32\pic\sources\c90\common\sprcadd.c estimated size: 1286

C:\Program Files\Microchip\xc8\v2.32\pic\sources\c90\common\flge.c
		___flge        		CODE           	14D4	0000	260

C:\Program Files\Microchip\xc8\v2.32\pic\sources\c90\common\flge.c estimated size: 260

C:\Program Files\Microchip\xc8\v2.32\pic\sources\c90\common\flneg.c
		___flneg       		CODE           	1698	0000	56

C:\Program Files\Microchip\xc8\v2.32\pic\sources\c90\common\flneg.c estimated size: 56

C:\Program Files\Microchip\xc8\v2.32\pic\sources\c90\common\xxtofl.c
		___xxtofl      		CODE           	1218	0000	436

C:\Program Files\Microchip\xc8\v2.32\pic\sources\c90\common\xxtofl.c estimated size: 436

masterMain.c
		_rx_char       		CODE           	17AE	0000	18
		_ISR           		CODE           	0008	0000	1416
		_SPI_Init_Master		CODE           	175C	0000	32
		_main          		CODE           	1706	0000	52
		_setupUART     		CODE           	1796	0000	24
		_WriteSPI      		CODE           	15D8	0000	122
		_setupTimer0   		CODE           	177C	0000	26

masterMain.c estimated size: 1690

shared
		__initialization		CODE           	16D0	0000	44

shared estimated size: 44

C:\Program Files\Microchip\xc8\v2.32\pic\sources\c90\common\sprcmul.c
		___flmul       		CODE           	0A54	0000	1066

C:\Program Files\Microchip\xc8\v2.32\pic\sources\c90\common\sprcmul.c estimated size: 1066

C:\Program Files\Microchip\xc8\v2.32\pic\sources\c90\common\sprcdiv.c
		___fldiv       		CODE           	0E7E	0000	922

C:\Program Files\Microchip\xc8\v2.32\pic\sources\c90\common\sprcdiv.c estimated size: 922

C:\Program Files\Microchip\xc8\v2.32\pic\sources\c90\common\fltol.c
		___fltol       		CODE           	13CC	0000	264

C:\Program Files\Microchip\xc8\v2.32\pic\sources\c90\common\fltol.c estimated size: 264

