Microchip MPLAB XC8 Compiler V2.32

Linker command line:

-W-3 --edf=C:\Program Files\Microchip\xc8\v2.32\pic\dat\en_msgs.txt -cn \
  -h+dist/default/production\master.X.production.sym \
  --cmf=dist/default/production\master.X.production.cmf -z -Q18F4431 \
  -oC:\Users\david\AppData\Local\Temp\xcAskou0.4 --defsym=__MPLAB_BUILD=1 \
  -Mdist/default/production/master.X.production.map -E1 -ver=XC8 Compiler \
  --acfsm=1493 -ASTACK=0B6h-02FFh -pstack=STACK -ACODE=00h-03FFFh \
  -ACONST=00h-03FFFh -ASMALLCONST=0300h-03FFhx61 -AMEDIUMCONST=0300h-03FFFh \
  -ACOMRAM=01h-05Fh -AABS1=00h-02FFh -ABIGRAM=01h-02FFh \
  -ARAM=060h-0FFh,0100h-01FFhx2 -ABANK0=060h-0FFh -ABANK1=0100h-01FFh \
  -ABANK2=0200h-02FFh -ASFR=0F60h-0FFFh -ACONFIG=0300000h-030000Dh \
  -AIDLOC=0200000h-0200007h -AEEDATA=0F00000h-0F000FFh -peeprom_data=EEDATA \
  -preset_vec=00h,intcode=08h,intcodelo,powerup,init -pramtop=0300h \
  -psmallconst=SMALLCONST -pmediumconst=MEDIUMCONST -pconst=CONST \
  -AFARRAM=00h-00h \
  -prdata=COMRAM,nvrram=COMRAM,nvbit=COMRAM,rbss=COMRAM,rbit=COMRAM \
  -pfarbss=FARRAM,fardata=FARRAM,nvFARRAM=FARRAM \
  -pintsave_regs=BIGRAM,bigbss=BIGRAM,bigdata=BIGRAM -pbss=RAM \
  -pidata=CODE,irdata=CODE,ibigdata=CODE,ifardata=CODE -prparam=COMRAM \
  C:\Users\david\AppData\Local\Temp\xcAskou0.o \
  dist/default/production\master.X.production.o 

Object code version is 3.11

Machine type is 18F4431



                Name                               Link     Load   Length Selector   Space Scale
C:\Users\david\AppData\Local\Temp\xcAskou0.o
                idloc                            200000   200000        8        0       5
                config                           300000   300000        E        0       4
                init                                59E      59E        4        4       0
                reset_vec                             0        0        4        0       0
dist/default/production\master.X.production.o
                intcode                               8        8      596        4       0
                idloc                            200000   200000        8        0       5
                config                           300000   300000        E        0       4
                temp                                 5F       5F        1        1       1
                text23                             1916     1916       6E        4       0
                text22                             1A58     1A58       3E        4       0
                text21                             1A1A     1A1A       3E        4       0
                text20                             189C     189C       7A        4       0
                text19                              E8C      E8C      39A        4       0
                text18                              A62      A62      42A        4       0
                text17                             1ACC     1ACC       34        4       0
                text16                             1B32     1B32       26        4       0
                text15                             1B00     1B00       32        4       0
                text14                             13DA     13DA      118        4       0
                text13                              5A2      5A2      4C0        4       0
                text12                             19D2     19D2       48        4       0
                text11                             14F2     14F2      106        4       0
                text10                             1226     1226      1B4        4       0
                text9                              16AC     16AC       AA        4       0
                text8                              1756     1756       A4        4       0
                text7                              15F8     15F8       B4        4       0
                text6                              17FA     17FA       A2        4       0
                text5                              1BAA     1BAA       12        4       0
                text3                              1B58     1B58       20        4       0
                text2                              1B78     1B78       1A        4       0
                text1                              1B92     1B92       18        4       0
                text0                              1A96     1A96       36        4       0
                cstackCOMRAM                          1        1       5C        1       1
                cstackBANK0                          85       85       23       60       1
                dataBANK0                            A8       A8        E       60       1
                bssBANK0                             60       60       25       60       1
                dataCOMRAM                           5D       5D        2        1       1
                cinit                              1984     1984       4E        4       0
                idataBANK0                         1BBC     1BBC        E        4       0
                idataCOMRAM                        1BCA     1BCA        2        4       0

TOTAL           Name                               Link     Load   Length     Space
        CLASS   STACK          

        CLASS   CODE           
                intcode                               8        8      596         0
                init                                59E      59E        4         0
                reset_vec                             0        0        4         0
                text23                             1916     1916       6E         0
                text22                             1A58     1A58       3E         0
                text21                             1A1A     1A1A       3E         0
                text20                             189C     189C       7A         0
                text19                              E8C      E8C      39A         0
                text18                              A62      A62      42A         0
                text17                             1ACC     1ACC       34         0
                text16                             1B32     1B32       26         0
                text15                             1B00     1B00       32         0
                text14                             13DA     13DA      118         0
                text13                              5A2      5A2      4C0         0
                text12                             19D2     19D2       48         0
                text11                             14F2     14F2      106         0
                text10                             1226     1226      1B4         0
                text9                              16AC     16AC       AA         0
                text8                              1756     1756       A4         0
                text7                              15F8     15F8       B4         0
                text6                              17FA     17FA       A2         0
                text5                              1BAA     1BAA       12         0
                text3                              1B58     1B58       20         0
                text2                              1B78     1B78       1A         0
                text1                              1B92     1B92       18         0
                text0                              1A96     1A96       36         0
                cinit                              1984     1984       4E         0
                idataBANK0                         1BBC     1BBC        E         0
                idataCOMRAM                        1BCA     1BCA        2         0

        CLASS   CONST          

        CLASS   SMALLCONST     

        CLASS   MEDIUMCONST    

        CLASS   COMRAM         
                temp                                 5F       5F        1         1
                cstackCOMRAM                          1        1       5C         1
                dataCOMRAM                           5D       5D        2         1

        CLASS   ABS1           

        CLASS   BIGRAM         

        CLASS   RAM            

        CLASS   BANK0          
                cstackBANK0                          85       85       23         1
                dataBANK0                            A8       A8        E         1
                bssBANK0                             60       60       25         1

        CLASS   BANK1          

        CLASS   BANK2          

        CLASS   SFR            

        CLASS   CONFIG         
                config                           300000   300000        E         4

        CLASS   IDLOC          
                idloc                            200000   200000        8         5

        CLASS   EEDATA         

        CLASS   FARRAM         



SEGMENTS        Name                           Load    Length   Top    Selector   Space  Class

                reset_vec                      000000  000004  000004         0       0  CODE    
                cstackCOMRAM                   000001  00005F  000060         1       1  COMRAM  
                intcode                        000008  001BC4  001BCC         4       0  CODE    
                bssBANK0                       000060  000056  0000B6        60       1  BANK0   


UNUSED ADDRESS RANGES

        Name                Unused          Largest block    Delta
        BANK0            0000B6-0000FF               4A
        BANK1            000100-0001FF              100
        BANK2            000200-0002FF              100
        BIGRAM           0000B6-0002FF              24A
        CODE             000004-000007                4
                         001BCC-003FFF             2434
        CONST            000004-000007                4
                         001BCC-003FFF             2434
        EEDATA           F00000-F000FF              100
        MEDIUMCONST      001BCC-003FFF             2434
        RAM              0000B6-0002FF              100
        SFR              000F60-000FFF               A0
        SMALLCONST       001BCC-003FFF              100
        STACK            0000B6-0002FF              24A

                                  Symbol Table

?___fladd                 cstackCOMRAM 000001
?___fldiv                 cstackCOMRAM 00002C
?___flmul                 cstackCOMRAM 000013
?___flsub                 cstackBANK0  000085
?___fltol                 cstackCOMRAM 000045
?___wmul                  cstackCOMRAM 000001
?___xxtofl                cstackCOMRAM 000005
?_abs                     cstackCOMRAM 000001
?_atoi                    cstackCOMRAM 000007
?_round                   cstackCOMRAM 000059
?_trunc                   cstackCOMRAM 00004F
ISR@c                     cstackBANK0  0000A7
ReadSPI@a                 cstackCOMRAM 000001
UARTM1@tempM1             cstackCOMRAM 000003
UARTM2@tempM2             cstackCOMRAM 000003
WriteSPI@a                cstackCOMRAM 000001
WriteSPI@data_out         cstackCOMRAM 000002
_ADCON0                   (abs)        000FC2
_ADCON1                   (abs)        000FC1
_ADON                     (abs)        007E10
_CS                       (abs)        007C22
_INTCONbits               (abs)        000FF2
_IPR1bits                 (abs)        000F9F
_ISR                      intcode      000008
_ISR$1558                 cstackBANK0  0000A3
_ISR$1559                 cstackBANK0  000097
_ISR$1560                 cstackBANK0  00009B
_ISR$1561                 cstackBANK0  00009F
_PIE1bits                 (abs)        000F9D
_PIR1bits                 (abs)        000F9E
_PORTA                    (abs)        000F80
_PORTB                    (abs)        000F81
_PORTCbits                (abs)        000F82
_PORTDbits                (abs)        000F83
_PORTE                    (abs)        000F84
_RCIF                     (abs)        007CF5
_RCREG                    (abs)        000FAE
_RCSTAbits                (abs)        000FAB
_ReadSPI                  text23       001916
_SPBRG                    (abs)        000FAF
_SPI_Init_Master          text3        001B58
_SSPBUF                   (abs)        000FC9
_SSPCON1                  (abs)        000FC6
_SSPCON1bits              (abs)        000FC6
_SSPSTAT                  (abs)        000FC7
_T0CONbits                (abs)        000FD5
_T1CONbits                (abs)        000FCD
_TMR0                     (abs)        000FD6
_TMR1                     (abs)        000FCE
_TRISA                    (abs)        000F92
_TRISB                    (abs)        000F93
_TRISCbits                (abs)        000F94
_TRISDbits                (abs)        000F95
_TRISE                    (abs)        000F96
_TRMT                     (abs)        007D61
_TXREG                    (abs)        000FAD
_TXSTAbits                (abs)        000FAC
_UARTM1                   text22       001A58
_UARTM2                   text21       001A1A
_WriteSPI                 text20       00189C
__HRAM                    (abs)        000000
__Habs1                   abs1         000000
__Hbank0                  bank0        000000
__Hbank1                  bank1        000000
__Hbank2                  bank2        000000
__Hbigbss                 bigbss       000000
__Hbigdata                bigdata      000000
__Hbigram                 bigram       000000
__Hbss                    bss          000000
__HbssBANK0               bssBANK0     000000
__Hcinit                  cinit        000000
__Hclrtext                clrtext      000000
__Hcomram                 comram       000000
__Hconfig                 config       30000E
__Hconst                  const        000000
__HcstackBANK0            cstackBANK0  000000
__HcstackCOMRAM           cstackCOMRAM 000000
__Hdata                   data         000000
__HdataBANK0              dataBANK0    000000
__HdataCOMRAM             dataCOMRAM   000000
__Heeprom_data            eeprom_data  000000
__Hfarbss                 farbss       000000
__Hfardata                fardata      000000
__Hibigdata               ibigdata     000000
__Hidata                  idata        000000
__HidataBANK0             idataBANK0   000000
__HidataCOMRAM            idataCOMRAM  000000
__Hidloc                  idloc        200008
__Hifardata               ifardata     000000
__Hinit                   init         0005A2
__Hintcode                intcode      00059E
__Hintcode_body           intcode_body 000000
__Hintcodelo              intcodelo    00059E
__Hintentry               intentry     000000
__Hintret                 intret       000000
__Hintsave_regs           intsave_regs 000000
__Hirdata                 irdata       000000
__Hmediumconst            mediumconst  000000
__HnvFARRAM               nvFARRAM     000000
__Hnvbit                  nvbit        000000
__Hnvrram                 nvrram       000000
__Hparam                  rparam       000000
__Hpowerup                powerup      00059E
__Hram                    ram          000000
__Hramtop                 ramtop       000300
__Hrbit                   rbit         000000
__Hrbss                   rbss         000000
__Hrdata                  rdata        000000
__Hreset_vec              reset_vec    000004
__Hrparam                 rparam       000000
__Hsfr                    sfr          000000
__Hsmallconst             smallconst   000000
__Hspace_0                (abs)        001BCC
__Hspace_1                (abs)        0000B6
__Hspace_2                (abs)        000000
__Hspace_4                (abs)        60000E
__Hstack                  stack        000000
__Hstruct                 struct       000000
__Htemp                   temp         000060
__Htext                   text         000000
__Htext0                  text0        000000
__Htext1                  text1        000000
__Htext10                 text10       000000
__Htext11                 text11       000000
__Htext12                 text12       000000
__Htext13                 text13       000000
__Htext14                 text14       000000
__Htext15                 text15       000000
__Htext16                 text16       000000
__Htext17                 text17       000000
__Htext18                 text18       000000
__Htext19                 text19       000000
__Htext2                  text2        000000
__Htext20                 text20       000000
__Htext21                 text21       000000
__Htext22                 text22       000000
__Htext23                 text23       000000
__Htext3                  text3        000000
__Htext5                  text5        000000
__Htext6                  text6        000000
__Htext7                  text7        000000
__Htext8                  text8        000000
__Htext9                  text9        000000
__LRAM                    (abs)        000001
__Labs1                   abs1         000000
__Lbank0                  bank0        000000
__Lbank1                  bank1        000000
__Lbank2                  bank2        000000
__Lbigbss                 bigbss       000000
__Lbigdata                bigdata      000000
__Lbigram                 bigram       000000
__Lbss                    bss          000000
__LbssBANK0               bssBANK0     000000
__Lcinit                  cinit        000000
__Lclrtext                clrtext      000000
__Lcomram                 comram       000000
__Lconfig                 config       000000
__Lconst                  const        000000
__LcstackBANK0            cstackBANK0  000000
__LcstackCOMRAM           cstackCOMRAM 000000
__Ldata                   data         000000
__LdataBANK0              dataBANK0    000000
__LdataCOMRAM             dataCOMRAM   000000
__Leeprom_data            eeprom_data  000000
__Lfarbss                 farbss       000000
__Lfardata                fardata      000000
__Libigdata               ibigdata     000000
__Lidata                  idata        000000
__LidataBANK0             idataBANK0   000000
__LidataCOMRAM            idataCOMRAM  000000
__Lidloc                  idloc        000000
__Lifardata               ifardata     000000
__Linit                   init         00059E
__Lintcode                intcode      000008
__Lintcode_body           intcode_body 000000
__Lintcodelo              intcodelo    00059E
__Lintentry               intentry     000000
__Lintret                 intret       000000
__Lintsave_regs           intsave_regs 000000
__Lirdata                 irdata       000000
__Lmediumconst            mediumconst  000000
__LnvFARRAM               nvFARRAM     000000
__Lnvbit                  nvbit        000000
__Lnvrram                 nvrram       000000
__Lparam                  rparam       000000
__Lpowerup                powerup      00059E
__Lram                    ram          000000
__Lramtop                 ramtop       000300
__Lrbit                   rbit         000000
__Lrbss                   rbss         000000
__Lrdata                  rdata        000000
__Lreset_vec              reset_vec    000000
__Lrparam                 rparam       000000
__Lsfr                    sfr          000000
__Lsmallconst             smallconst   000000
__Lspace_0                (abs)        000000
__Lspace_1                (abs)        000000
__Lspace_2                (abs)        000000
__Lspace_4                (abs)        000000
__Lstack                  stack        000000
__Lstruct                 struct       000000
__Ltemp                   temp         00005F
__Ltext                   text         000000
__Ltext0                  text0        000000
__Ltext1                  text1        000000
__Ltext10                 text10       000000
__Ltext11                 text11       000000
__Ltext12                 text12       000000
__Ltext13                 text13       000000
__Ltext14                 text14       000000
__Ltext15                 text15       000000
__Ltext16                 text16       000000
__Ltext17                 text17       000000
__Ltext18                 text18       000000
__Ltext19                 text19       000000
__Ltext2                  text2        000000
__Ltext20                 text20       000000
__Ltext21                 text21       000000
__Ltext22                 text22       000000
__Ltext23                 text23       000000
__Ltext3                  text3        000000
__Ltext5                  text5        000000
__Ltext6                  text6        000000
__Ltext7                  text7        000000
__Ltext8                  text8        000000
__Ltext9                  text9        000000
__S0                      (abs)        001BCC
__S1                      (abs)        0000B6
__S2                      (abs)        000000
__S4                      (abs)        000000
__S5                      (abs)        000000
___fladd                  text13       0005A2
___fladd@a                cstackCOMRAM 000005
___fladd@aexp             cstackCOMRAM 00000E
___fladd@b                cstackCOMRAM 000001
___fladd@bexp             cstackCOMRAM 00000F
___fladd@grs              cstackCOMRAM 000010
___fladd@signs            cstackCOMRAM 00000D
___fldiv                  text19       000E8C
___fldiv@a                cstackCOMRAM 000030
___fldiv@aexp             cstackCOMRAM 000044
___fldiv@b                cstackCOMRAM 00002C
___fldiv@bexp             cstackCOMRAM 000043
___fldiv@grs              cstackCOMRAM 00003F
___fldiv@new_exp          cstackCOMRAM 00003D
___fldiv@rem              cstackCOMRAM 000038
___fldiv@sign             cstackCOMRAM 00003C
___fleq                   text9        0016AC
___fleq@ff1               cstackCOMRAM 000001
___fleq@ff2               cstackCOMRAM 000005
___flmul                  text18       000A62
___flmul@a                cstackCOMRAM 000017
___flmul@aexp             cstackCOMRAM 000024
___flmul@b                cstackCOMRAM 000013
___flmul@bexp             cstackCOMRAM 000025
___flmul@grs              cstackCOMRAM 000020
___flmul@prod             cstackCOMRAM 000026
___flmul@sign             cstackCOMRAM 00001F
___flmul@temp             cstackCOMRAM 00002A
___flsub                  text12       0019D2
___flsub@a                cstackBANK0  000089
___flsub@b                cstackBANK0  000085
___fltol                  text11       0014F2
___fltol@exp1             cstackCOMRAM 00004E
___fltol@f1               cstackCOMRAM 000045
___fltol@sign1            cstackCOMRAM 00004D
___inthi_sp               stack        000000
___intlo_sp               stack        000000
___param_bank             (abs)        000000
___rparam_used            (abs)        000001
___sp                     stack        000000
___wmul                   text16       001B32
___wmul@multiplicand      cstackCOMRAM 000003
___wmul@multiplier        cstackCOMRAM 000001
___wmul@product           cstackCOMRAM 000005
___xxtofl                 text10       001226
___xxtofl@arg             cstackCOMRAM 00000F
___xxtofl@exp             cstackCOMRAM 00000E
___xxtofl@sign            cstackCOMRAM 00000D
___xxtofl@val             cstackCOMRAM 000005
__accesstop               (abs)        000060
__activetblptr            (abs)        000000
__end_of_ISR              intcode      00059E
__end_of_ReadSPI          text23       001984
__end_of_SPI_Init_Master  text3        001B78
__end_of_UARTM1           text22       001A96
__end_of_UARTM2           text21       001A58
__end_of_WriteSPI         text20       001916
__end_of___fladd          text13       000A62
__end_of___fldiv          text19       001226
__end_of___fleq           text9        001756
__end_of___flmul          text18       000E8C
__end_of___flsub          text12       001A1A
__end_of___fltol          text11       0015F8
__end_of___wmul           text16       001B58
__end_of___xxtofl         text10       0013DA
__end_of__initialization  cinit        0019C8
__end_of_abs              text17       001B00
__end_of_atoi             text14       0014F2
__end_of_frexp            text8        0017FA
__end_of_isdigit          text15       001B32
__end_of_main             text0        001ACC
__end_of_round            text6        00189C
__end_of_rx_char          text5        001BBC
__end_of_setupTimer0      text2        001B92
__end_of_setupUART        text1        001BAA
__end_of_trunc            text7        0016AC
__initialization          cinit        001984
__mediumconst             mediumconst  000000
__pbssBANK0               bssBANK0     000060
__pcinit                  cinit        001984
__pcstackBANK0            cstackBANK0  000085
__pcstackCOMRAM           cstackCOMRAM 000001
__pdataBANK0              dataBANK0    0000A8
__pdataCOMRAM             dataCOMRAM   00005D
__pidataBANK0             idataBANK0   001BBC
__pidataCOMRAM            idataCOMRAM  001BCA
__pintcode                intcode      000008
__ptext0                  text0        001A96
__ptext1                  text1        001B92
__ptext10                 text10       001226
__ptext11                 text11       0014F2
__ptext12                 text12       0019D2
__ptext13                 text13       0005A2
__ptext14                 text14       0013DA
__ptext15                 text15       001B00
__ptext16                 text16       001B32
__ptext17                 text17       001ACC
__ptext18                 text18       000A62
__ptext19                 text19       000E8C
__ptext2                  text2        001B78
__ptext20                 text20       00189C
__ptext21                 text21       001A1A
__ptext22                 text22       001A58
__ptext23                 text23       001916
__ptext3                  text3        001B58
__ptext5                  text5        001BAA
__ptext6                  text6        0017FA
__ptext7                  text7        0015F8
__ptext8                  text8        001756
__ptext9                  text9        0016AC
__ramtop                  ramtop       000300
__size_of_ISR             (abs)        000000
__size_of_ReadSPI         (abs)        000000
__size_of_SPI_Init_Master (abs)        000000
__size_of_UARTM1          (abs)        000000
__size_of_UARTM2          (abs)        000000
__size_of_WriteSPI        (abs)        000000
__size_of___fladd         (abs)        000000
__size_of___fldiv         (abs)        000000
__size_of___fleq          (abs)        000000
__size_of___flmul         (abs)        000000
__size_of___flsub         (abs)        000000
__size_of___fltol         (abs)        000000
__size_of___wmul          (abs)        000000
__size_of___xxtofl        (abs)        000000
__size_of_abs             (abs)        000000
__size_of_atoi            (abs)        000000
__size_of_frexp           (abs)        000000
__size_of_isdigit         (abs)        000000
__size_of_main            (abs)        000000
__size_of_round           (abs)        000000
__size_of_rx_char         (abs)        000000
__size_of_setupTimer0     (abs)        000000
__size_of_setupUART       (abs)        000000
__size_of_trunc           (abs)        000000
__smallconst              smallconst   000000
_abs                      text17       001ACC
_atoi                     text14       0013DA
_b                        dataBANK0    0000A8
_count                    bssBANK0     00007A
_digit                    bssBANK0     000084
_errno                    bssBANK0     000074
_frexp                    text8        001756
_incStr1                  bssBANK0     00007F
_incStr2                  bssBANK0     00007E
_isdigit                  text15       001B00
_isdigit$1317             cstackCOMRAM 000002
_main                     text0        001A96
_number                   dataBANK0    0000B0
_omega                    bssBANK0     00007C
_r                        dataBANK0    0000AC
_round                    text6        0017FA
_rx_char                  text5        001BAA
_setupTimer0              text2        001B78
_setupUART                text1        001B92
_speed4M1                 bssBANK0     000083
_speed4M2                 bssBANK0     000082
_speedM1                  bssBANK0     000078
_speedM2                  bssBANK0     000076
_speedRef1                dataCOMRAM   00005E
_speedRef2                dataCOMRAM   00005D
_str                      dataBANK0    0000B2
_stringBuffer             bssBANK0     000060
_transRdy1                bssBANK0     000081
_transRdy2                bssBANK0     000080
_trunc                    text7        0015F8
_vel                      bssBANK0     00007D
abs@a                     cstackCOMRAM 000001
atoi@a                    cstackCOMRAM 00000C
atoi@s                    cstackCOMRAM 000007
atoi@sign                 cstackCOMRAM 00000B
btemp                     temp         00005F
end_of_initialization     cinit        0019C8
frexp@eptr                cstackCOMRAM 000011
frexp@value               cstackCOMRAM 00000D
int$flags                 temp         00005F
intlevel0                 text         000000
intlevel1                 text         000000
intlevel2                 text         000000
intlevel3                 text         000000
isa$std                   (abs)        000001
isa$xinst                 (abs)        000000
isdigit@c                 cstackCOMRAM 000003
round@f                   cstackBANK0  00008D
round@x                   cstackCOMRAM 000059
stackhi                   (abs)        0002FF
stacklo                   (abs)        0000B6
start                     init         00059E
start_initialization      cinit        001984
trunc@expon               cstackCOMRAM 000057
trunc@i                   cstackCOMRAM 000053
trunc@x                   cstackCOMRAM 00004F
ttemp5                    temp         000060
ttemp6                    temp         000063
ttemp7                    temp         000067
wtemp8                    temp         000060


MODULE INFORMATION

Module		Function		Class		Link	Load	Size
C:\Program Files\Microchip\xc8\v2.32\pic\sources\c90\common\isdigit.c
		_isdigit       		CODE           	1B00	0000	50

C:\Program Files\Microchip\xc8\v2.32\pic\sources\c90\common\isdigit.c estimated size: 50

C:\Program Files\Microchip\xc8\v2.32\pic\sources\c90\common\sprcadd.c
		___flsub       		CODE           	19D2	0000	72
		___fladd       		CODE           	05A2	0000	1216

C:\Program Files\Microchip\xc8\v2.32\pic\sources\c90\common\sprcadd.c estimated size: 1288

C:\Program Files\Microchip\xc8\v2.32\pic\sources\c90\common\xxtofl.c
		___xxtofl      		CODE           	1226	0000	436

C:\Program Files\Microchip\xc8\v2.32\pic\sources\c90\common\xxtofl.c estimated size: 436

C:\Program Files\Microchip\xc8\v2.32\pic\sources\c90\common\round.c
		_round         		CODE           	17FA	0000	162

C:\Program Files\Microchip\xc8\v2.32\pic\sources\c90\common\round.c estimated size: 162

masterMain.c
		_rx_char       		CODE           	1BAA	0000	18
		_ISR           		CODE           	0008	0000	1430
		_SPI_Init_Master		CODE           	1B58	0000	32
		_UARTM1        		CODE           	1A58	0000	62
		_main          		CODE           	1A96	0000	54
		_UARTM2        		CODE           	1A1A	0000	62
		_setupUART     		CODE           	1B92	0000	24
		_WriteSPI      		CODE           	189C	0000	122
		_ReadSPI       		CODE           	1916	0000	110
		_setupTimer0   		CODE           	1B78	0000	26

masterMain.c estimated size: 1940

C:\Program Files\Microchip\xc8\v2.32\pic\sources\c90\common\frexp.c
		_frexp         		CODE           	1756	0000	164

C:\Program Files\Microchip\xc8\v2.32\pic\sources\c90\common\frexp.c estimated size: 164

C:\Program Files\Microchip\xc8\v2.32\pic\sources\c90\common\abs.c
		_abs           		CODE           	1ACC	0000	52

C:\Program Files\Microchip\xc8\v2.32\pic\sources\c90\common\abs.c estimated size: 52

C:\Program Files\Microchip\xc8\v2.32\pic\sources\c90\common\atoi.c
		_atoi          		CODE           	13DA	0000	280

C:\Program Files\Microchip\xc8\v2.32\pic\sources\c90\common\atoi.c estimated size: 280

shared
		__initialization		CODE           	1984	0000	68

shared estimated size: 68

C:\Program Files\Microchip\xc8\v2.32\pic\sources\c90\common\fleq.c
		___fleq        		CODE           	16AC	0000	170

C:\Program Files\Microchip\xc8\v2.32\pic\sources\c90\common\fleq.c estimated size: 170

C:\Program Files\Microchip\xc8\v2.32\pic\sources\c90\common\sprcmul.c
		___flmul       		CODE           	0A62	0000	1066

C:\Program Files\Microchip\xc8\v2.32\pic\sources\c90\common\sprcmul.c estimated size: 1066

C:\Program Files\Microchip\xc8\v2.32\pic\sources\c90\common\sprcdiv.c
		___fldiv       		CODE           	0E8C	0000	922

C:\Program Files\Microchip\xc8\v2.32\pic\sources\c90\common\sprcdiv.c estimated size: 922

C:\Program Files\Microchip\xc8\v2.32\pic\sources\c90\common\Umul16.c
		___wmul        		CODE           	1B32	0000	38

C:\Program Files\Microchip\xc8\v2.32\pic\sources\c90\common\Umul16.c estimated size: 38

C:\Program Files\Microchip\xc8\v2.32\pic\sources\c90\common\fltol.c
		___fltol       		CODE           	14F2	0000	262

C:\Program Files\Microchip\xc8\v2.32\pic\sources\c90\common\fltol.c estimated size: 262

C:\Program Files\Microchip\xc8\v2.32\pic\sources\c90\common\trunc.c
		_trunc         		CODE           	15F8	0000	180

C:\Program Files\Microchip\xc8\v2.32\pic\sources\c90\common\trunc.c estimated size: 180

